
34. Executing CHECK pass (checking for obvious problems).
Checking module tt_ihp_wrapper...
Warning: multiple conflicting drivers for tt_ihp_wrapper.\top_I.branch[13].check_mask.l_spine_ow[25]:
    port spine_ow[25] of cell top_I.branch[13].check_mask.mux_I (tt_mux)
    port spine_ow[25] of cell top_I.branch[15].check_mask.mux_I (tt_mux)
    port spine_ow[25] of cell top_I.branch[17].check_mask.mux_I (tt_mux)
    port spine_ow[25] of cell top_I.branch[19].check_mask.mux_I (tt_mux)
    port spine_ow[25] of cell top_I.branch[1].check_mask.mux_I (tt_mux)
    port spine_ow[25] of cell top_I.branch[3].check_mask.mux_I (tt_mux)
    port spine_ow[25] of cell top_I.branch[5].check_mask.mux_I (tt_mux)
    port spine_ow[25] of cell top_I.branch[7].check_mask.mux_I (tt_mux)
    port spine_ow[25] of cell top_I.branch[9].check_mask.mux_I (tt_mux)
Warning: multiple conflicting drivers for tt_ihp_wrapper.\top_I.branch[13].check_mask.l_spine_ow[24]:
    port spine_ow[24] of cell top_I.branch[13].check_mask.mux_I (tt_mux)
    port spine_ow[24] of cell top_I.branch[15].check_mask.mux_I (tt_mux)
    port spine_ow[24] of cell top_I.branch[17].check_mask.mux_I (tt_mux)
    port spine_ow[24] of cell top_I.branch[19].check_mask.mux_I (tt_mux)
    port spine_ow[24] of cell top_I.branch[1].check_mask.mux_I (tt_mux)
    port spine_ow[24] of cell top_I.branch[3].check_mask.mux_I (tt_mux)
    port spine_ow[24] of cell top_I.branch[5].check_mask.mux_I (tt_mux)
    port spine_ow[24] of cell top_I.branch[7].check_mask.mux_I (tt_mux)
    port spine_ow[24] of cell top_I.branch[9].check_mask.mux_I (tt_mux)
Warning: multiple conflicting drivers for tt_ihp_wrapper.\top_I.branch[13].check_mask.l_spine_ow[23]:
    port spine_ow[23] of cell top_I.branch[13].check_mask.mux_I (tt_mux)
    port spine_ow[23] of cell top_I.branch[15].check_mask.mux_I (tt_mux)
    port spine_ow[23] of cell top_I.branch[17].check_mask.mux_I (tt_mux)
    port spine_ow[23] of cell top_I.branch[19].check_mask.mux_I (tt_mux)
    port spine_ow[23] of cell top_I.branch[1].check_mask.mux_I (tt_mux)
    port spine_ow[23] of cell top_I.branch[3].check_mask.mux_I (tt_mux)
    port spine_ow[23] of cell top_I.branch[5].check_mask.mux_I (tt_mux)
    port spine_ow[23] of cell top_I.branch[7].check_mask.mux_I (tt_mux)
    port spine_ow[23] of cell top_I.branch[9].check_mask.mux_I (tt_mux)
Warning: multiple conflicting drivers for tt_ihp_wrapper.\top_I.branch[13].check_mask.l_spine_ow[22]:
    port spine_ow[22] of cell top_I.branch[13].check_mask.mux_I (tt_mux)
    port spine_ow[22] of cell top_I.branch[15].check_mask.mux_I (tt_mux)
    port spine_ow[22] of cell top_I.branch[17].check_mask.mux_I (tt_mux)
    port spine_ow[22] of cell top_I.branch[19].check_mask.mux_I (tt_mux)
    port spine_ow[22] of cell top_I.branch[1].check_mask.mux_I (tt_mux)
    port spine_ow[22] of cell top_I.branch[3].check_mask.mux_I (tt_mux)
    port spine_ow[22] of cell top_I.branch[5].check_mask.mux_I (tt_mux)
    port spine_ow[22] of cell top_I.branch[7].check_mask.mux_I (tt_mux)
    port spine_ow[22] of cell top_I.branch[9].check_mask.mux_I (tt_mux)
Warning: multiple conflicting drivers for tt_ihp_wrapper.\top_I.branch[13].check_mask.l_spine_ow[21]:
    port spine_ow[21] of cell top_I.branch[13].check_mask.mux_I (tt_mux)
    port spine_ow[21] of cell top_I.branch[15].check_mask.mux_I (tt_mux)
    port spine_ow[21] of cell top_I.branch[17].check_mask.mux_I (tt_mux)
    port spine_ow[21] of cell top_I.branch[19].check_mask.mux_I (tt_mux)
    port spine_ow[21] of cell top_I.branch[1].check_mask.mux_I (tt_mux)
    port spine_ow[21] of cell top_I.branch[3].check_mask.mux_I (tt_mux)
    port spine_ow[21] of cell top_I.branch[5].check_mask.mux_I (tt_mux)
    port spine_ow[21] of cell top_I.branch[7].check_mask.mux_I (tt_mux)
    port spine_ow[21] of cell top_I.branch[9].check_mask.mux_I (tt_mux)
Warning: multiple conflicting drivers for tt_ihp_wrapper.\top_I.branch[13].check_mask.l_spine_ow[20]:
    port spine_ow[20] of cell top_I.branch[13].check_mask.mux_I (tt_mux)
    port spine_ow[20] of cell top_I.branch[15].check_mask.mux_I (tt_mux)
    port spine_ow[20] of cell top_I.branch[17].check_mask.mux_I (tt_mux)
    port spine_ow[20] of cell top_I.branch[19].check_mask.mux_I (tt_mux)
    port spine_ow[20] of cell top_I.branch[1].check_mask.mux_I (tt_mux)
    port spine_ow[20] of cell top_I.branch[3].check_mask.mux_I (tt_mux)
    port spine_ow[20] of cell top_I.branch[5].check_mask.mux_I (tt_mux)
    port spine_ow[20] of cell top_I.branch[7].check_mask.mux_I (tt_mux)
    port spine_ow[20] of cell top_I.branch[9].check_mask.mux_I (tt_mux)
Warning: multiple conflicting drivers for tt_ihp_wrapper.\top_I.branch[13].check_mask.l_spine_ow[19]:
    port spine_ow[19] of cell top_I.branch[13].check_mask.mux_I (tt_mux)
    port spine_ow[19] of cell top_I.branch[15].check_mask.mux_I (tt_mux)
    port spine_ow[19] of cell top_I.branch[17].check_mask.mux_I (tt_mux)
    port spine_ow[19] of cell top_I.branch[19].check_mask.mux_I (tt_mux)
    port spine_ow[19] of cell top_I.branch[1].check_mask.mux_I (tt_mux)
    port spine_ow[19] of cell top_I.branch[3].check_mask.mux_I (tt_mux)
    port spine_ow[19] of cell top_I.branch[5].check_mask.mux_I (tt_mux)
    port spine_ow[19] of cell top_I.branch[7].check_mask.mux_I (tt_mux)
    port spine_ow[19] of cell top_I.branch[9].check_mask.mux_I (tt_mux)
Warning: multiple conflicting drivers for tt_ihp_wrapper.\top_I.branch[13].check_mask.l_spine_ow[18]:
    port spine_ow[18] of cell top_I.branch[13].check_mask.mux_I (tt_mux)
    port spine_ow[18] of cell top_I.branch[15].check_mask.mux_I (tt_mux)
    port spine_ow[18] of cell top_I.branch[17].check_mask.mux_I (tt_mux)
    port spine_ow[18] of cell top_I.branch[19].check_mask.mux_I (tt_mux)
    port spine_ow[18] of cell top_I.branch[1].check_mask.mux_I (tt_mux)
    port spine_ow[18] of cell top_I.branch[3].check_mask.mux_I (tt_mux)
    port spine_ow[18] of cell top_I.branch[5].check_mask.mux_I (tt_mux)
    port spine_ow[18] of cell top_I.branch[7].check_mask.mux_I (tt_mux)
    port spine_ow[18] of cell top_I.branch[9].check_mask.mux_I (tt_mux)
Warning: multiple conflicting drivers for tt_ihp_wrapper.\top_I.branch[13].check_mask.l_spine_ow[17]:
    port spine_ow[17] of cell top_I.branch[13].check_mask.mux_I (tt_mux)
    port spine_ow[17] of cell top_I.branch[15].check_mask.mux_I (tt_mux)
    port spine_ow[17] of cell top_I.branch[17].check_mask.mux_I (tt_mux)
    port spine_ow[17] of cell top_I.branch[19].check_mask.mux_I (tt_mux)
    port spine_ow[17] of cell top_I.branch[1].check_mask.mux_I (tt_mux)
    port spine_ow[17] of cell top_I.branch[3].check_mask.mux_I (tt_mux)
    port spine_ow[17] of cell top_I.branch[5].check_mask.mux_I (tt_mux)
    port spine_ow[17] of cell top_I.branch[7].check_mask.mux_I (tt_mux)
    port spine_ow[17] of cell top_I.branch[9].check_mask.mux_I (tt_mux)
Warning: multiple conflicting drivers for tt_ihp_wrapper.\top_I.branch[13].check_mask.l_spine_ow[16]:
    port spine_ow[16] of cell top_I.branch[13].check_mask.mux_I (tt_mux)
    port spine_ow[16] of cell top_I.branch[15].check_mask.mux_I (tt_mux)
    port spine_ow[16] of cell top_I.branch[17].check_mask.mux_I (tt_mux)
    port spine_ow[16] of cell top_I.branch[19].check_mask.mux_I (tt_mux)
    port spine_ow[16] of cell top_I.branch[1].check_mask.mux_I (tt_mux)
    port spine_ow[16] of cell top_I.branch[3].check_mask.mux_I (tt_mux)
    port spine_ow[16] of cell top_I.branch[5].check_mask.mux_I (tt_mux)
    port spine_ow[16] of cell top_I.branch[7].check_mask.mux_I (tt_mux)
    port spine_ow[16] of cell top_I.branch[9].check_mask.mux_I (tt_mux)
Warning: multiple conflicting drivers for tt_ihp_wrapper.\top_I.branch[13].check_mask.l_spine_ow[15]:
    port spine_ow[15] of cell top_I.branch[13].check_mask.mux_I (tt_mux)
    port spine_ow[15] of cell top_I.branch[15].check_mask.mux_I (tt_mux)
    port spine_ow[15] of cell top_I.branch[17].check_mask.mux_I (tt_mux)
    port spine_ow[15] of cell top_I.branch[19].check_mask.mux_I (tt_mux)
    port spine_ow[15] of cell top_I.branch[1].check_mask.mux_I (tt_mux)
    port spine_ow[15] of cell top_I.branch[3].check_mask.mux_I (tt_mux)
    port spine_ow[15] of cell top_I.branch[5].check_mask.mux_I (tt_mux)
    port spine_ow[15] of cell top_I.branch[7].check_mask.mux_I (tt_mux)
    port spine_ow[15] of cell top_I.branch[9].check_mask.mux_I (tt_mux)
Warning: multiple conflicting drivers for tt_ihp_wrapper.\top_I.branch[13].check_mask.l_spine_ow[14]:
    port spine_ow[14] of cell top_I.branch[13].check_mask.mux_I (tt_mux)
    port spine_ow[14] of cell top_I.branch[15].check_mask.mux_I (tt_mux)
    port spine_ow[14] of cell top_I.branch[17].check_mask.mux_I (tt_mux)
    port spine_ow[14] of cell top_I.branch[19].check_mask.mux_I (tt_mux)
    port spine_ow[14] of cell top_I.branch[1].check_mask.mux_I (tt_mux)
    port spine_ow[14] of cell top_I.branch[3].check_mask.mux_I (tt_mux)
    port spine_ow[14] of cell top_I.branch[5].check_mask.mux_I (tt_mux)
    port spine_ow[14] of cell top_I.branch[7].check_mask.mux_I (tt_mux)
    port spine_ow[14] of cell top_I.branch[9].check_mask.mux_I (tt_mux)
Warning: multiple conflicting drivers for tt_ihp_wrapper.\top_I.branch[13].check_mask.l_spine_ow[13]:
    port spine_ow[13] of cell top_I.branch[13].check_mask.mux_I (tt_mux)
    port spine_ow[13] of cell top_I.branch[15].check_mask.mux_I (tt_mux)
    port spine_ow[13] of cell top_I.branch[17].check_mask.mux_I (tt_mux)
    port spine_ow[13] of cell top_I.branch[19].check_mask.mux_I (tt_mux)
    port spine_ow[13] of cell top_I.branch[1].check_mask.mux_I (tt_mux)
    port spine_ow[13] of cell top_I.branch[3].check_mask.mux_I (tt_mux)
    port spine_ow[13] of cell top_I.branch[5].check_mask.mux_I (tt_mux)
    port spine_ow[13] of cell top_I.branch[7].check_mask.mux_I (tt_mux)
    port spine_ow[13] of cell top_I.branch[9].check_mask.mux_I (tt_mux)
Warning: multiple conflicting drivers for tt_ihp_wrapper.\top_I.branch[13].check_mask.l_spine_ow[12]:
    port spine_ow[12] of cell top_I.branch[13].check_mask.mux_I (tt_mux)
    port spine_ow[12] of cell top_I.branch[15].check_mask.mux_I (tt_mux)
    port spine_ow[12] of cell top_I.branch[17].check_mask.mux_I (tt_mux)
    port spine_ow[12] of cell top_I.branch[19].check_mask.mux_I (tt_mux)
    port spine_ow[12] of cell top_I.branch[1].check_mask.mux_I (tt_mux)
    port spine_ow[12] of cell top_I.branch[3].check_mask.mux_I (tt_mux)
    port spine_ow[12] of cell top_I.branch[5].check_mask.mux_I (tt_mux)
    port spine_ow[12] of cell top_I.branch[7].check_mask.mux_I (tt_mux)
    port spine_ow[12] of cell top_I.branch[9].check_mask.mux_I (tt_mux)
Warning: multiple conflicting drivers for tt_ihp_wrapper.\top_I.branch[13].check_mask.l_spine_ow[11]:
    port spine_ow[11] of cell top_I.branch[13].check_mask.mux_I (tt_mux)
    port spine_ow[11] of cell top_I.branch[15].check_mask.mux_I (tt_mux)
    port spine_ow[11] of cell top_I.branch[17].check_mask.mux_I (tt_mux)
    port spine_ow[11] of cell top_I.branch[19].check_mask.mux_I (tt_mux)
    port spine_ow[11] of cell top_I.branch[1].check_mask.mux_I (tt_mux)
    port spine_ow[11] of cell top_I.branch[3].check_mask.mux_I (tt_mux)
    port spine_ow[11] of cell top_I.branch[5].check_mask.mux_I (tt_mux)
    port spine_ow[11] of cell top_I.branch[7].check_mask.mux_I (tt_mux)
    port spine_ow[11] of cell top_I.branch[9].check_mask.mux_I (tt_mux)
Warning: multiple conflicting drivers for tt_ihp_wrapper.\top_I.branch[13].check_mask.l_spine_ow[10]:
    port spine_ow[10] of cell top_I.branch[13].check_mask.mux_I (tt_mux)
    port spine_ow[10] of cell top_I.branch[15].check_mask.mux_I (tt_mux)
    port spine_ow[10] of cell top_I.branch[17].check_mask.mux_I (tt_mux)
    port spine_ow[10] of cell top_I.branch[19].check_mask.mux_I (tt_mux)
    port spine_ow[10] of cell top_I.branch[1].check_mask.mux_I (tt_mux)
    port spine_ow[10] of cell top_I.branch[3].check_mask.mux_I (tt_mux)
    port spine_ow[10] of cell top_I.branch[5].check_mask.mux_I (tt_mux)
    port spine_ow[10] of cell top_I.branch[7].check_mask.mux_I (tt_mux)
    port spine_ow[10] of cell top_I.branch[9].check_mask.mux_I (tt_mux)
Warning: multiple conflicting drivers for tt_ihp_wrapper.\top_I.branch[13].check_mask.l_spine_ow[9]:
    port spine_ow[9] of cell top_I.branch[13].check_mask.mux_I (tt_mux)
    port spine_ow[9] of cell top_I.branch[15].check_mask.mux_I (tt_mux)
    port spine_ow[9] of cell top_I.branch[17].check_mask.mux_I (tt_mux)
    port spine_ow[9] of cell top_I.branch[19].check_mask.mux_I (tt_mux)
    port spine_ow[9] of cell top_I.branch[1].check_mask.mux_I (tt_mux)
    port spine_ow[9] of cell top_I.branch[3].check_mask.mux_I (tt_mux)
    port spine_ow[9] of cell top_I.branch[5].check_mask.mux_I (tt_mux)
    port spine_ow[9] of cell top_I.branch[7].check_mask.mux_I (tt_mux)
    port spine_ow[9] of cell top_I.branch[9].check_mask.mux_I (tt_mux)
Warning: multiple conflicting drivers for tt_ihp_wrapper.\top_I.branch[13].check_mask.l_spine_ow[8]:
    port spine_ow[8] of cell top_I.branch[13].check_mask.mux_I (tt_mux)
    port spine_ow[8] of cell top_I.branch[15].check_mask.mux_I (tt_mux)
    port spine_ow[8] of cell top_I.branch[17].check_mask.mux_I (tt_mux)
    port spine_ow[8] of cell top_I.branch[19].check_mask.mux_I (tt_mux)
    port spine_ow[8] of cell top_I.branch[1].check_mask.mux_I (tt_mux)
    port spine_ow[8] of cell top_I.branch[3].check_mask.mux_I (tt_mux)
    port spine_ow[8] of cell top_I.branch[5].check_mask.mux_I (tt_mux)
    port spine_ow[8] of cell top_I.branch[7].check_mask.mux_I (tt_mux)
    port spine_ow[8] of cell top_I.branch[9].check_mask.mux_I (tt_mux)
Warning: multiple conflicting drivers for tt_ihp_wrapper.\top_I.branch[13].check_mask.l_spine_ow[7]:
    port spine_ow[7] of cell top_I.branch[13].check_mask.mux_I (tt_mux)
    port spine_ow[7] of cell top_I.branch[15].check_mask.mux_I (tt_mux)
    port spine_ow[7] of cell top_I.branch[17].check_mask.mux_I (tt_mux)
    port spine_ow[7] of cell top_I.branch[19].check_mask.mux_I (tt_mux)
    port spine_ow[7] of cell top_I.branch[1].check_mask.mux_I (tt_mux)
    port spine_ow[7] of cell top_I.branch[3].check_mask.mux_I (tt_mux)
    port spine_ow[7] of cell top_I.branch[5].check_mask.mux_I (tt_mux)
    port spine_ow[7] of cell top_I.branch[7].check_mask.mux_I (tt_mux)
    port spine_ow[7] of cell top_I.branch[9].check_mask.mux_I (tt_mux)
Warning: multiple conflicting drivers for tt_ihp_wrapper.\top_I.branch[13].check_mask.l_spine_ow[6]:
    port spine_ow[6] of cell top_I.branch[13].check_mask.mux_I (tt_mux)
    port spine_ow[6] of cell top_I.branch[15].check_mask.mux_I (tt_mux)
    port spine_ow[6] of cell top_I.branch[17].check_mask.mux_I (tt_mux)
    port spine_ow[6] of cell top_I.branch[19].check_mask.mux_I (tt_mux)
    port spine_ow[6] of cell top_I.branch[1].check_mask.mux_I (tt_mux)
    port spine_ow[6] of cell top_I.branch[3].check_mask.mux_I (tt_mux)
    port spine_ow[6] of cell top_I.branch[5].check_mask.mux_I (tt_mux)
    port spine_ow[6] of cell top_I.branch[7].check_mask.mux_I (tt_mux)
    port spine_ow[6] of cell top_I.branch[9].check_mask.mux_I (tt_mux)
Warning: multiple conflicting drivers for tt_ihp_wrapper.\top_I.branch[13].check_mask.l_spine_ow[5]:
    port spine_ow[5] of cell top_I.branch[13].check_mask.mux_I (tt_mux)
    port spine_ow[5] of cell top_I.branch[15].check_mask.mux_I (tt_mux)
    port spine_ow[5] of cell top_I.branch[17].check_mask.mux_I (tt_mux)
    port spine_ow[5] of cell top_I.branch[19].check_mask.mux_I (tt_mux)
    port spine_ow[5] of cell top_I.branch[1].check_mask.mux_I (tt_mux)
    port spine_ow[5] of cell top_I.branch[3].check_mask.mux_I (tt_mux)
    port spine_ow[5] of cell top_I.branch[5].check_mask.mux_I (tt_mux)
    port spine_ow[5] of cell top_I.branch[7].check_mask.mux_I (tt_mux)
    port spine_ow[5] of cell top_I.branch[9].check_mask.mux_I (tt_mux)
Warning: multiple conflicting drivers for tt_ihp_wrapper.\top_I.branch[13].check_mask.l_spine_ow[4]:
    port spine_ow[4] of cell top_I.branch[13].check_mask.mux_I (tt_mux)
    port spine_ow[4] of cell top_I.branch[15].check_mask.mux_I (tt_mux)
    port spine_ow[4] of cell top_I.branch[17].check_mask.mux_I (tt_mux)
    port spine_ow[4] of cell top_I.branch[19].check_mask.mux_I (tt_mux)
    port spine_ow[4] of cell top_I.branch[1].check_mask.mux_I (tt_mux)
    port spine_ow[4] of cell top_I.branch[3].check_mask.mux_I (tt_mux)
    port spine_ow[4] of cell top_I.branch[5].check_mask.mux_I (tt_mux)
    port spine_ow[4] of cell top_I.branch[7].check_mask.mux_I (tt_mux)
    port spine_ow[4] of cell top_I.branch[9].check_mask.mux_I (tt_mux)
Warning: multiple conflicting drivers for tt_ihp_wrapper.\top_I.branch[13].check_mask.l_spine_ow[3]:
    port spine_ow[3] of cell top_I.branch[13].check_mask.mux_I (tt_mux)
    port spine_ow[3] of cell top_I.branch[15].check_mask.mux_I (tt_mux)
    port spine_ow[3] of cell top_I.branch[17].check_mask.mux_I (tt_mux)
    port spine_ow[3] of cell top_I.branch[19].check_mask.mux_I (tt_mux)
    port spine_ow[3] of cell top_I.branch[1].check_mask.mux_I (tt_mux)
    port spine_ow[3] of cell top_I.branch[3].check_mask.mux_I (tt_mux)
    port spine_ow[3] of cell top_I.branch[5].check_mask.mux_I (tt_mux)
    port spine_ow[3] of cell top_I.branch[7].check_mask.mux_I (tt_mux)
    port spine_ow[3] of cell top_I.branch[9].check_mask.mux_I (tt_mux)
Warning: multiple conflicting drivers for tt_ihp_wrapper.\top_I.branch[13].check_mask.l_spine_ow[2]:
    port spine_ow[2] of cell top_I.branch[13].check_mask.mux_I (tt_mux)
    port spine_ow[2] of cell top_I.branch[15].check_mask.mux_I (tt_mux)
    port spine_ow[2] of cell top_I.branch[17].check_mask.mux_I (tt_mux)
    port spine_ow[2] of cell top_I.branch[19].check_mask.mux_I (tt_mux)
    port spine_ow[2] of cell top_I.branch[1].check_mask.mux_I (tt_mux)
    port spine_ow[2] of cell top_I.branch[3].check_mask.mux_I (tt_mux)
    port spine_ow[2] of cell top_I.branch[5].check_mask.mux_I (tt_mux)
    port spine_ow[2] of cell top_I.branch[7].check_mask.mux_I (tt_mux)
    port spine_ow[2] of cell top_I.branch[9].check_mask.mux_I (tt_mux)
Warning: multiple conflicting drivers for tt_ihp_wrapper.\top_I.branch[13].check_mask.l_spine_ow[1]:
    port spine_ow[1] of cell top_I.branch[13].check_mask.mux_I (tt_mux)
    port spine_ow[1] of cell top_I.branch[15].check_mask.mux_I (tt_mux)
    port spine_ow[1] of cell top_I.branch[17].check_mask.mux_I (tt_mux)
    port spine_ow[1] of cell top_I.branch[19].check_mask.mux_I (tt_mux)
    port spine_ow[1] of cell top_I.branch[1].check_mask.mux_I (tt_mux)
    port spine_ow[1] of cell top_I.branch[3].check_mask.mux_I (tt_mux)
    port spine_ow[1] of cell top_I.branch[5].check_mask.mux_I (tt_mux)
    port spine_ow[1] of cell top_I.branch[7].check_mask.mux_I (tt_mux)
    port spine_ow[1] of cell top_I.branch[9].check_mask.mux_I (tt_mux)
Warning: multiple conflicting drivers for tt_ihp_wrapper.\top_I.branch[13].check_mask.l_spine_ow[0]:
    port spine_ow[0] of cell top_I.branch[13].check_mask.mux_I (tt_mux)
    port spine_ow[0] of cell top_I.branch[15].check_mask.mux_I (tt_mux)
    port spine_ow[0] of cell top_I.branch[17].check_mask.mux_I (tt_mux)
    port spine_ow[0] of cell top_I.branch[19].check_mask.mux_I (tt_mux)
    port spine_ow[0] of cell top_I.branch[1].check_mask.mux_I (tt_mux)
    port spine_ow[0] of cell top_I.branch[3].check_mask.mux_I (tt_mux)
    port spine_ow[0] of cell top_I.branch[5].check_mask.mux_I (tt_mux)
    port spine_ow[0] of cell top_I.branch[7].check_mask.mux_I (tt_mux)
    port spine_ow[0] of cell top_I.branch[9].check_mask.mux_I (tt_mux)
Warning: multiple conflicting drivers for tt_ihp_wrapper.\top_I.branch[0].check_mask.l_spine_ow[25]:
    port spine_ow[25] of cell top_I.branch[0].check_mask.mux_I (tt_mux)
    port spine_ow[25] of cell top_I.branch[10].check_mask.mux_I (tt_mux)
    port spine_ow[25] of cell top_I.branch[14].check_mask.mux_I (tt_mux)
    port spine_ow[25] of cell top_I.branch[16].check_mask.mux_I (tt_mux)
    port spine_ow[25] of cell top_I.branch[18].check_mask.mux_I (tt_mux)
    port spine_ow[25] of cell top_I.branch[2].check_mask.mux_I (tt_mux)
    port spine_ow[25] of cell top_I.branch[4].check_mask.mux_I (tt_mux)
    port spine_ow[25] of cell top_I.branch[8].check_mask.mux_I (tt_mux)
Warning: multiple conflicting drivers for tt_ihp_wrapper.\top_I.branch[0].check_mask.l_spine_ow[24]:
    port spine_ow[24] of cell top_I.branch[0].check_mask.mux_I (tt_mux)
    port spine_ow[24] of cell top_I.branch[10].check_mask.mux_I (tt_mux)
    port spine_ow[24] of cell top_I.branch[14].check_mask.mux_I (tt_mux)
    port spine_ow[24] of cell top_I.branch[16].check_mask.mux_I (tt_mux)
    port spine_ow[24] of cell top_I.branch[18].check_mask.mux_I (tt_mux)
    port spine_ow[24] of cell top_I.branch[2].check_mask.mux_I (tt_mux)
    port spine_ow[24] of cell top_I.branch[4].check_mask.mux_I (tt_mux)
    port spine_ow[24] of cell top_I.branch[8].check_mask.mux_I (tt_mux)
Warning: multiple conflicting drivers for tt_ihp_wrapper.\top_I.branch[0].check_mask.l_spine_ow[23]:
    port spine_ow[23] of cell top_I.branch[0].check_mask.mux_I (tt_mux)
    port spine_ow[23] of cell top_I.branch[10].check_mask.mux_I (tt_mux)
    port spine_ow[23] of cell top_I.branch[14].check_mask.mux_I (tt_mux)
    port spine_ow[23] of cell top_I.branch[16].check_mask.mux_I (tt_mux)
    port spine_ow[23] of cell top_I.branch[18].check_mask.mux_I (tt_mux)
    port spine_ow[23] of cell top_I.branch[2].check_mask.mux_I (tt_mux)
    port spine_ow[23] of cell top_I.branch[4].check_mask.mux_I (tt_mux)
    port spine_ow[23] of cell top_I.branch[8].check_mask.mux_I (tt_mux)
Warning: multiple conflicting drivers for tt_ihp_wrapper.\top_I.branch[0].check_mask.l_spine_ow[22]:
    port spine_ow[22] of cell top_I.branch[0].check_mask.mux_I (tt_mux)
    port spine_ow[22] of cell top_I.branch[10].check_mask.mux_I (tt_mux)
    port spine_ow[22] of cell top_I.branch[14].check_mask.mux_I (tt_mux)
    port spine_ow[22] of cell top_I.branch[16].check_mask.mux_I (tt_mux)
    port spine_ow[22] of cell top_I.branch[18].check_mask.mux_I (tt_mux)
    port spine_ow[22] of cell top_I.branch[2].check_mask.mux_I (tt_mux)
    port spine_ow[22] of cell top_I.branch[4].check_mask.mux_I (tt_mux)
    port spine_ow[22] of cell top_I.branch[8].check_mask.mux_I (tt_mux)
Warning: multiple conflicting drivers for tt_ihp_wrapper.\top_I.branch[0].check_mask.l_spine_ow[21]:
    port spine_ow[21] of cell top_I.branch[0].check_mask.mux_I (tt_mux)
    port spine_ow[21] of cell top_I.branch[10].check_mask.mux_I (tt_mux)
    port spine_ow[21] of cell top_I.branch[14].check_mask.mux_I (tt_mux)
    port spine_ow[21] of cell top_I.branch[16].check_mask.mux_I (tt_mux)
    port spine_ow[21] of cell top_I.branch[18].check_mask.mux_I (tt_mux)
    port spine_ow[21] of cell top_I.branch[2].check_mask.mux_I (tt_mux)
    port spine_ow[21] of cell top_I.branch[4].check_mask.mux_I (tt_mux)
    port spine_ow[21] of cell top_I.branch[8].check_mask.mux_I (tt_mux)
Warning: multiple conflicting drivers for tt_ihp_wrapper.\top_I.branch[0].check_mask.l_spine_ow[20]:
    port spine_ow[20] of cell top_I.branch[0].check_mask.mux_I (tt_mux)
    port spine_ow[20] of cell top_I.branch[10].check_mask.mux_I (tt_mux)
    port spine_ow[20] of cell top_I.branch[14].check_mask.mux_I (tt_mux)
    port spine_ow[20] of cell top_I.branch[16].check_mask.mux_I (tt_mux)
    port spine_ow[20] of cell top_I.branch[18].check_mask.mux_I (tt_mux)
    port spine_ow[20] of cell top_I.branch[2].check_mask.mux_I (tt_mux)
    port spine_ow[20] of cell top_I.branch[4].check_mask.mux_I (tt_mux)
    port spine_ow[20] of cell top_I.branch[8].check_mask.mux_I (tt_mux)
Warning: multiple conflicting drivers for tt_ihp_wrapper.\top_I.branch[0].check_mask.l_spine_ow[19]:
    port spine_ow[19] of cell top_I.branch[0].check_mask.mux_I (tt_mux)
    port spine_ow[19] of cell top_I.branch[10].check_mask.mux_I (tt_mux)
    port spine_ow[19] of cell top_I.branch[14].check_mask.mux_I (tt_mux)
    port spine_ow[19] of cell top_I.branch[16].check_mask.mux_I (tt_mux)
    port spine_ow[19] of cell top_I.branch[18].check_mask.mux_I (tt_mux)
    port spine_ow[19] of cell top_I.branch[2].check_mask.mux_I (tt_mux)
    port spine_ow[19] of cell top_I.branch[4].check_mask.mux_I (tt_mux)
    port spine_ow[19] of cell top_I.branch[8].check_mask.mux_I (tt_mux)
Warning: multiple conflicting drivers for tt_ihp_wrapper.\top_I.branch[0].check_mask.l_spine_ow[18]:
    port spine_ow[18] of cell top_I.branch[0].check_mask.mux_I (tt_mux)
    port spine_ow[18] of cell top_I.branch[10].check_mask.mux_I (tt_mux)
    port spine_ow[18] of cell top_I.branch[14].check_mask.mux_I (tt_mux)
    port spine_ow[18] of cell top_I.branch[16].check_mask.mux_I (tt_mux)
    port spine_ow[18] of cell top_I.branch[18].check_mask.mux_I (tt_mux)
    port spine_ow[18] of cell top_I.branch[2].check_mask.mux_I (tt_mux)
    port spine_ow[18] of cell top_I.branch[4].check_mask.mux_I (tt_mux)
    port spine_ow[18] of cell top_I.branch[8].check_mask.mux_I (tt_mux)
Warning: multiple conflicting drivers for tt_ihp_wrapper.\top_I.branch[0].check_mask.l_spine_ow[17]:
    port spine_ow[17] of cell top_I.branch[0].check_mask.mux_I (tt_mux)
    port spine_ow[17] of cell top_I.branch[10].check_mask.mux_I (tt_mux)
    port spine_ow[17] of cell top_I.branch[14].check_mask.mux_I (tt_mux)
    port spine_ow[17] of cell top_I.branch[16].check_mask.mux_I (tt_mux)
    port spine_ow[17] of cell top_I.branch[18].check_mask.mux_I (tt_mux)
    port spine_ow[17] of cell top_I.branch[2].check_mask.mux_I (tt_mux)
    port spine_ow[17] of cell top_I.branch[4].check_mask.mux_I (tt_mux)
    port spine_ow[17] of cell top_I.branch[8].check_mask.mux_I (tt_mux)
Warning: multiple conflicting drivers for tt_ihp_wrapper.\top_I.branch[0].check_mask.l_spine_ow[16]:
    port spine_ow[16] of cell top_I.branch[0].check_mask.mux_I (tt_mux)
    port spine_ow[16] of cell top_I.branch[10].check_mask.mux_I (tt_mux)
    port spine_ow[16] of cell top_I.branch[14].check_mask.mux_I (tt_mux)
    port spine_ow[16] of cell top_I.branch[16].check_mask.mux_I (tt_mux)
    port spine_ow[16] of cell top_I.branch[18].check_mask.mux_I (tt_mux)
    port spine_ow[16] of cell top_I.branch[2].check_mask.mux_I (tt_mux)
    port spine_ow[16] of cell top_I.branch[4].check_mask.mux_I (tt_mux)
    port spine_ow[16] of cell top_I.branch[8].check_mask.mux_I (tt_mux)
Warning: multiple conflicting drivers for tt_ihp_wrapper.\top_I.branch[0].check_mask.l_spine_ow[15]:
    port spine_ow[15] of cell top_I.branch[0].check_mask.mux_I (tt_mux)
    port spine_ow[15] of cell top_I.branch[10].check_mask.mux_I (tt_mux)
    port spine_ow[15] of cell top_I.branch[14].check_mask.mux_I (tt_mux)
    port spine_ow[15] of cell top_I.branch[16].check_mask.mux_I (tt_mux)
    port spine_ow[15] of cell top_I.branch[18].check_mask.mux_I (tt_mux)
    port spine_ow[15] of cell top_I.branch[2].check_mask.mux_I (tt_mux)
    port spine_ow[15] of cell top_I.branch[4].check_mask.mux_I (tt_mux)
    port spine_ow[15] of cell top_I.branch[8].check_mask.mux_I (tt_mux)
Warning: multiple conflicting drivers for tt_ihp_wrapper.\top_I.branch[0].check_mask.l_spine_ow[14]:
    port spine_ow[14] of cell top_I.branch[0].check_mask.mux_I (tt_mux)
    port spine_ow[14] of cell top_I.branch[10].check_mask.mux_I (tt_mux)
    port spine_ow[14] of cell top_I.branch[14].check_mask.mux_I (tt_mux)
    port spine_ow[14] of cell top_I.branch[16].check_mask.mux_I (tt_mux)
    port spine_ow[14] of cell top_I.branch[18].check_mask.mux_I (tt_mux)
    port spine_ow[14] of cell top_I.branch[2].check_mask.mux_I (tt_mux)
    port spine_ow[14] of cell top_I.branch[4].check_mask.mux_I (tt_mux)
    port spine_ow[14] of cell top_I.branch[8].check_mask.mux_I (tt_mux)
Warning: multiple conflicting drivers for tt_ihp_wrapper.\top_I.branch[0].check_mask.l_spine_ow[13]:
    port spine_ow[13] of cell top_I.branch[0].check_mask.mux_I (tt_mux)
    port spine_ow[13] of cell top_I.branch[10].check_mask.mux_I (tt_mux)
    port spine_ow[13] of cell top_I.branch[14].check_mask.mux_I (tt_mux)
    port spine_ow[13] of cell top_I.branch[16].check_mask.mux_I (tt_mux)
    port spine_ow[13] of cell top_I.branch[18].check_mask.mux_I (tt_mux)
    port spine_ow[13] of cell top_I.branch[2].check_mask.mux_I (tt_mux)
    port spine_ow[13] of cell top_I.branch[4].check_mask.mux_I (tt_mux)
    port spine_ow[13] of cell top_I.branch[8].check_mask.mux_I (tt_mux)
Warning: multiple conflicting drivers for tt_ihp_wrapper.\top_I.branch[0].check_mask.l_spine_ow[12]:
    port spine_ow[12] of cell top_I.branch[0].check_mask.mux_I (tt_mux)
    port spine_ow[12] of cell top_I.branch[10].check_mask.mux_I (tt_mux)
    port spine_ow[12] of cell top_I.branch[14].check_mask.mux_I (tt_mux)
    port spine_ow[12] of cell top_I.branch[16].check_mask.mux_I (tt_mux)
    port spine_ow[12] of cell top_I.branch[18].check_mask.mux_I (tt_mux)
    port spine_ow[12] of cell top_I.branch[2].check_mask.mux_I (tt_mux)
    port spine_ow[12] of cell top_I.branch[4].check_mask.mux_I (tt_mux)
    port spine_ow[12] of cell top_I.branch[8].check_mask.mux_I (tt_mux)
Warning: multiple conflicting drivers for tt_ihp_wrapper.\top_I.branch[0].check_mask.l_spine_ow[11]:
    port spine_ow[11] of cell top_I.branch[0].check_mask.mux_I (tt_mux)
    port spine_ow[11] of cell top_I.branch[10].check_mask.mux_I (tt_mux)
    port spine_ow[11] of cell top_I.branch[14].check_mask.mux_I (tt_mux)
    port spine_ow[11] of cell top_I.branch[16].check_mask.mux_I (tt_mux)
    port spine_ow[11] of cell top_I.branch[18].check_mask.mux_I (tt_mux)
    port spine_ow[11] of cell top_I.branch[2].check_mask.mux_I (tt_mux)
    port spine_ow[11] of cell top_I.branch[4].check_mask.mux_I (tt_mux)
    port spine_ow[11] of cell top_I.branch[8].check_mask.mux_I (tt_mux)
Warning: multiple conflicting drivers for tt_ihp_wrapper.\top_I.branch[0].check_mask.l_spine_ow[10]:
    port spine_ow[10] of cell top_I.branch[0].check_mask.mux_I (tt_mux)
    port spine_ow[10] of cell top_I.branch[10].check_mask.mux_I (tt_mux)
    port spine_ow[10] of cell top_I.branch[14].check_mask.mux_I (tt_mux)
    port spine_ow[10] of cell top_I.branch[16].check_mask.mux_I (tt_mux)
    port spine_ow[10] of cell top_I.branch[18].check_mask.mux_I (tt_mux)
    port spine_ow[10] of cell top_I.branch[2].check_mask.mux_I (tt_mux)
    port spine_ow[10] of cell top_I.branch[4].check_mask.mux_I (tt_mux)
    port spine_ow[10] of cell top_I.branch[8].check_mask.mux_I (tt_mux)
Warning: multiple conflicting drivers for tt_ihp_wrapper.\top_I.branch[0].check_mask.l_spine_ow[9]:
    port spine_ow[9] of cell top_I.branch[0].check_mask.mux_I (tt_mux)
    port spine_ow[9] of cell top_I.branch[10].check_mask.mux_I (tt_mux)
    port spine_ow[9] of cell top_I.branch[14].check_mask.mux_I (tt_mux)
    port spine_ow[9] of cell top_I.branch[16].check_mask.mux_I (tt_mux)
    port spine_ow[9] of cell top_I.branch[18].check_mask.mux_I (tt_mux)
    port spine_ow[9] of cell top_I.branch[2].check_mask.mux_I (tt_mux)
    port spine_ow[9] of cell top_I.branch[4].check_mask.mux_I (tt_mux)
    port spine_ow[9] of cell top_I.branch[8].check_mask.mux_I (tt_mux)
Warning: multiple conflicting drivers for tt_ihp_wrapper.\top_I.branch[0].check_mask.l_spine_ow[8]:
    port spine_ow[8] of cell top_I.branch[0].check_mask.mux_I (tt_mux)
    port spine_ow[8] of cell top_I.branch[10].check_mask.mux_I (tt_mux)
    port spine_ow[8] of cell top_I.branch[14].check_mask.mux_I (tt_mux)
    port spine_ow[8] of cell top_I.branch[16].check_mask.mux_I (tt_mux)
    port spine_ow[8] of cell top_I.branch[18].check_mask.mux_I (tt_mux)
    port spine_ow[8] of cell top_I.branch[2].check_mask.mux_I (tt_mux)
    port spine_ow[8] of cell top_I.branch[4].check_mask.mux_I (tt_mux)
    port spine_ow[8] of cell top_I.branch[8].check_mask.mux_I (tt_mux)
Warning: multiple conflicting drivers for tt_ihp_wrapper.\top_I.branch[0].check_mask.l_spine_ow[7]:
    port spine_ow[7] of cell top_I.branch[0].check_mask.mux_I (tt_mux)
    port spine_ow[7] of cell top_I.branch[10].check_mask.mux_I (tt_mux)
    port spine_ow[7] of cell top_I.branch[14].check_mask.mux_I (tt_mux)
    port spine_ow[7] of cell top_I.branch[16].check_mask.mux_I (tt_mux)
    port spine_ow[7] of cell top_I.branch[18].check_mask.mux_I (tt_mux)
    port spine_ow[7] of cell top_I.branch[2].check_mask.mux_I (tt_mux)
    port spine_ow[7] of cell top_I.branch[4].check_mask.mux_I (tt_mux)
    port spine_ow[7] of cell top_I.branch[8].check_mask.mux_I (tt_mux)
Warning: multiple conflicting drivers for tt_ihp_wrapper.\top_I.branch[0].check_mask.l_spine_ow[6]:
    port spine_ow[6] of cell top_I.branch[0].check_mask.mux_I (tt_mux)
    port spine_ow[6] of cell top_I.branch[10].check_mask.mux_I (tt_mux)
    port spine_ow[6] of cell top_I.branch[14].check_mask.mux_I (tt_mux)
    port spine_ow[6] of cell top_I.branch[16].check_mask.mux_I (tt_mux)
    port spine_ow[6] of cell top_I.branch[18].check_mask.mux_I (tt_mux)
    port spine_ow[6] of cell top_I.branch[2].check_mask.mux_I (tt_mux)
    port spine_ow[6] of cell top_I.branch[4].check_mask.mux_I (tt_mux)
    port spine_ow[6] of cell top_I.branch[8].check_mask.mux_I (tt_mux)
Warning: multiple conflicting drivers for tt_ihp_wrapper.\top_I.branch[0].check_mask.l_spine_ow[5]:
    port spine_ow[5] of cell top_I.branch[0].check_mask.mux_I (tt_mux)
    port spine_ow[5] of cell top_I.branch[10].check_mask.mux_I (tt_mux)
    port spine_ow[5] of cell top_I.branch[14].check_mask.mux_I (tt_mux)
    port spine_ow[5] of cell top_I.branch[16].check_mask.mux_I (tt_mux)
    port spine_ow[5] of cell top_I.branch[18].check_mask.mux_I (tt_mux)
    port spine_ow[5] of cell top_I.branch[2].check_mask.mux_I (tt_mux)
    port spine_ow[5] of cell top_I.branch[4].check_mask.mux_I (tt_mux)
    port spine_ow[5] of cell top_I.branch[8].check_mask.mux_I (tt_mux)
Warning: multiple conflicting drivers for tt_ihp_wrapper.\top_I.branch[0].check_mask.l_spine_ow[4]:
    port spine_ow[4] of cell top_I.branch[0].check_mask.mux_I (tt_mux)
    port spine_ow[4] of cell top_I.branch[10].check_mask.mux_I (tt_mux)
    port spine_ow[4] of cell top_I.branch[14].check_mask.mux_I (tt_mux)
    port spine_ow[4] of cell top_I.branch[16].check_mask.mux_I (tt_mux)
    port spine_ow[4] of cell top_I.branch[18].check_mask.mux_I (tt_mux)
    port spine_ow[4] of cell top_I.branch[2].check_mask.mux_I (tt_mux)
    port spine_ow[4] of cell top_I.branch[4].check_mask.mux_I (tt_mux)
    port spine_ow[4] of cell top_I.branch[8].check_mask.mux_I (tt_mux)
Warning: multiple conflicting drivers for tt_ihp_wrapper.\top_I.branch[0].check_mask.l_spine_ow[3]:
    port spine_ow[3] of cell top_I.branch[0].check_mask.mux_I (tt_mux)
    port spine_ow[3] of cell top_I.branch[10].check_mask.mux_I (tt_mux)
    port spine_ow[3] of cell top_I.branch[14].check_mask.mux_I (tt_mux)
    port spine_ow[3] of cell top_I.branch[16].check_mask.mux_I (tt_mux)
    port spine_ow[3] of cell top_I.branch[18].check_mask.mux_I (tt_mux)
    port spine_ow[3] of cell top_I.branch[2].check_mask.mux_I (tt_mux)
    port spine_ow[3] of cell top_I.branch[4].check_mask.mux_I (tt_mux)
    port spine_ow[3] of cell top_I.branch[8].check_mask.mux_I (tt_mux)
Warning: multiple conflicting drivers for tt_ihp_wrapper.\top_I.branch[0].check_mask.l_spine_ow[2]:
    port spine_ow[2] of cell top_I.branch[0].check_mask.mux_I (tt_mux)
    port spine_ow[2] of cell top_I.branch[10].check_mask.mux_I (tt_mux)
    port spine_ow[2] of cell top_I.branch[14].check_mask.mux_I (tt_mux)
    port spine_ow[2] of cell top_I.branch[16].check_mask.mux_I (tt_mux)
    port spine_ow[2] of cell top_I.branch[18].check_mask.mux_I (tt_mux)
    port spine_ow[2] of cell top_I.branch[2].check_mask.mux_I (tt_mux)
    port spine_ow[2] of cell top_I.branch[4].check_mask.mux_I (tt_mux)
    port spine_ow[2] of cell top_I.branch[8].check_mask.mux_I (tt_mux)
Warning: multiple conflicting drivers for tt_ihp_wrapper.\top_I.branch[0].check_mask.l_spine_ow[1]:
    port spine_ow[1] of cell top_I.branch[0].check_mask.mux_I (tt_mux)
    port spine_ow[1] of cell top_I.branch[10].check_mask.mux_I (tt_mux)
    port spine_ow[1] of cell top_I.branch[14].check_mask.mux_I (tt_mux)
    port spine_ow[1] of cell top_I.branch[16].check_mask.mux_I (tt_mux)
    port spine_ow[1] of cell top_I.branch[18].check_mask.mux_I (tt_mux)
    port spine_ow[1] of cell top_I.branch[2].check_mask.mux_I (tt_mux)
    port spine_ow[1] of cell top_I.branch[4].check_mask.mux_I (tt_mux)
    port spine_ow[1] of cell top_I.branch[8].check_mask.mux_I (tt_mux)
Warning: multiple conflicting drivers for tt_ihp_wrapper.\top_I.branch[0].check_mask.l_spine_ow[0]:
    port spine_ow[0] of cell top_I.branch[0].check_mask.mux_I (tt_mux)
    port spine_ow[0] of cell top_I.branch[10].check_mask.mux_I (tt_mux)
    port spine_ow[0] of cell top_I.branch[14].check_mask.mux_I (tt_mux)
    port spine_ow[0] of cell top_I.branch[16].check_mask.mux_I (tt_mux)
    port spine_ow[0] of cell top_I.branch[18].check_mask.mux_I (tt_mux)
    port spine_ow[0] of cell top_I.branch[2].check_mask.mux_I (tt_mux)
    port spine_ow[0] of cell top_I.branch[4].check_mask.mux_I (tt_mux)
    port spine_ow[0] of cell top_I.branch[8].check_mask.mux_I (tt_mux)
Found and reported 52 problems.
