
29. Executing CHECK pass (checking for obvious problems).
Checking module tt_ihp_wrapper...
Warning: multiple conflicting drivers for tt_ihp_wrapper.\pad_in [0]:
    port pad_in[0] of cell gpio[63].gpio_I ($paramod\tt_ihp_gpio\CONFIG=16'0000000000000101)
    port pad_in[0] of cell gpio[62].gpio_I ($paramod\tt_ihp_gpio\CONFIG=16'0000000000000100)
    port pad_in[0] of cell gpio[57].gpio_I ($paramod\tt_ihp_gpio\CONFIG=16'0000000000000111)
    port pad_in[0] of cell gpio[56].gpio_I ($paramod\tt_ihp_gpio\CONFIG=16'0000000000000110)
    port pad_in[0] of cell gpio[51].gpio_I ($paramod\tt_ihp_gpio\CONFIG=16'0000000000000111)
    port pad_in[0] of cell gpio[50].gpio_I ($paramod\tt_ihp_gpio\CONFIG=16'0000000000000110)
    port pad_in[0] of cell gpio[31].gpio_I ($paramod\tt_ihp_gpio\CONFIG=16'0000000000000111)
    port pad_in[0] of cell gpio[30].gpio_I ($paramod\tt_ihp_gpio\CONFIG=16'0000000000000110)
    port pad_in[0] of cell gpio[29].gpio_I ($paramod\tt_ihp_gpio\CONFIG=16'0000000000000101)
    port pad_in[0] of cell gpio[28].gpio_I ($paramod\tt_ihp_gpio\CONFIG=16'0000000000000100)
    port pad_in[0] of cell gpio[23].gpio_I ($paramod\tt_ihp_gpio\CONFIG=16'0000000000000110)
    port pad_in[0] of cell gpio[22].gpio_I ($paramod\tt_ihp_gpio\CONFIG=16'0000000000000111)
    port pad_in[0] of cell gpio[17].gpio_I ($paramod\tt_ihp_gpio\CONFIG=16'0000000000000110)
    port pad_in[0] of cell gpio[16].gpio_I ($paramod\tt_ihp_gpio\CONFIG=16'0000000000000111)
    port pad_in[0] of cell gpio[7].gpio_I ($paramod\tt_ihp_gpio\CONFIG=16'0000000000000110)
    port pad_in[0] of cell gpio[6].gpio_I ($paramod\tt_ihp_gpio\CONFIG=16'0000000000000110)
    port pad_in[0] of cell gpio[0].gpio_I ($paramod\tt_ihp_gpio\CONFIG=16'0000000000001010)
Checking module $paramod$f46d2398360dea894b7d1f1bbea1c3505bd16520\tt_user_module...
Checking module $paramod$2089ec5dfdc43901d9aa74447ebc1bca516af7b6\tt_user_module...
Checking module $paramod$6de4d6f34a165d55972651e37c7f523d6f5bff70\tt_user_module...
Checking module $paramod$830077a265b62851c61c8b63ab33734461038367\tt_user_module...
Checking module $paramod$bcc67c9faff354482c68b6535885c9991a41da2c\tt_user_module...
Checking module $paramod$ff025847bc9d72f8fe9c38fe45697381825e09c1\tt_user_module...
Checking module $paramod$112fced8afe3696254ca1100ef16c4d70eb47877\tt_user_module...
Checking module $paramod$d2f9138d402b75e64a0ca2381bbe55fad9ab5a9c\tt_user_module...
Checking module $paramod$fc8e45ed96259fc10ad562deb6658f04e6199d66\tt_user_module...
Checking module $paramod$e45f63e83926531fde446b455913a1584a14b7f2\tt_user_module...
Checking module $paramod$74f6f6ec010d6c19ca982b4b192f5d350991664d\tt_user_module...
Checking module $paramod$0e95c30906efa3d2acc2ab9a0dcde479ddea4095\tt_user_module...
Checking module $paramod$d6cd6991a23dcac05ed36183f96c13aaf0e10004\tt_user_module...
Checking module $paramod$29acc6ac24ae884cb7c9452f180bb624ee4c909f\tt_user_module...
Checking module $paramod$839e49654a25b3be7d0dc3bf26516a33a9afb985\tt_user_module...
Checking module $paramod$6cf7d656b710235934cc7bbe48b5b995555da91a\tt_user_module...
Checking module $paramod$f703d8fcb883617b94f613aca587949db275da28\tt_user_module...
Checking module $paramod$0c7c109843b0644654c6449e14523f0c6f12ee52\tt_user_module...
Checking module $paramod$32ce8b811813d8bc84b20b9c0a775a022fd71ae2\tt_user_module...
Checking module $paramod$77a0a0bbccf1eda1f954324eb6ed3951949881b6\tt_user_module...
Checking module $paramod$21e2b781054f4a7b31bfce72bb111b7cd6d338a5\tt_user_module...
Checking module $paramod$11719e21af39adb8dfd35dd60356168d3793b177\tt_user_module...
Checking module $paramod$90e6cde03ddf9286ed983d888d1abcdbfcf7128d\tt_user_module...
Checking module $paramod$84335f6bfc90a6196c7ec33bf1e71254b30aae65\tt_user_module...
Checking module $paramod$99e8e175dd53a03e079acd7f446d83b2a101a86e\tt_user_module...
Checking module $paramod$759863d7eb8957903941d7ad8b1637f3abc1e837\tt_user_module...
Checking module $paramod$5117936a12801340365a34d353b6d090fd10f1f5\tt_user_module...
Checking module $paramod$9d44b7ee812ee39c7ccbac2d5ffcf03ceba68277\tt_user_module...
Checking module $paramod$e573e3195912443bef5cef55a5ba4ff5472f707e\tt_user_module...
Checking module $paramod$09200526bfdfcd0156f5b2e88388f3e66b39737c\tt_user_module...
Checking module $paramod$3778a7df5d5aa91eadcd17d5b4725038cdf5e087\tt_user_module...
Checking module $paramod$f69e2c581fd33c5f839aa387e855adc787b62b36\tt_user_module...
Checking module $paramod$6253fb94a3766ca7456e0036249d0750ea96b6e0\tt_user_module...
Checking module $paramod$4640df9eede806a80936ac549e343e0173136e91\tt_user_module...
Checking module $paramod$7b8d23b16dd8076221f9baf040266f5644f57014\tt_user_module...
Checking module $paramod$cfefbfd2ba679ea35acaac11f3c22054f07248fd\tt_user_module...
Checking module $paramod$f119285b8a19edc581ea385d20f237139bca4f26\tt_user_module...
Checking module $paramod$d81cca8fb0c74c2c239162494cdbe119db41f48d\tt_user_module...
Checking module $paramod$c3373d984db642b80f9bde6025f86c28d0370264\tt_user_module...
Checking module $paramod$cd3b5ac8ed337e2583d1362915a1268cf245ee5e\tt_user_module...
Checking module $paramod$474b945c5509b23a46a2ec38d891b69387817c2c\tt_user_module...
Checking module $paramod$047fae1defa107635a1c4e2f80f5169996b552f8\tt_user_module...
Checking module $paramod$df8e7e556f924c6b7a3c959294f8f69247260d7b\tt_user_module...
Checking module $paramod$9c7c36dd45e5089827be82d6e82d65bcdd3fa709\tt_user_module...
Checking module $paramod$e752ed1dd004686a823619f0d3e10b3f96d4fc49\tt_user_module...
Checking module $paramod$1a18d7979c48b67abf0c8df61bb51b74ef4340e0\tt_user_module...
Checking module $paramod$2f6c95beeb991ce7ccf51e9f969e2921173a5239\tt_user_module...
Checking module $paramod$5f1977e47c95bdd7db8babf1420ed262fba5f390\tt_user_module...
Checking module $paramod$9869b1718ac7831b369cacaf28ee36526e572b8a\tt_user_module...
Checking module $paramod$344ca82297521e73e74f95c67921a9d3fd6e3bdc\tt_user_module...
Checking module $paramod$9c11f787ff6d69ed83caefd05639b13bdbca51b1\tt_user_module...
Checking module $paramod$f0b82631140bfda3bb0125fc37c571e3e6e5a43a\tt_user_module...
Checking module $paramod$c26f8d5301711ac983f16f24750d8c8e53049721\tt_user_module...
Checking module $paramod$93d9e1d91a0a78e34981c632272e6c265f72ca93\tt_user_module...
Checking module $paramod$e3fdc71e4620ebc87b7317d4d60af785c946d4eb\tt_user_module...
Checking module $paramod$f6890a71e7a013afd6ccda45532dbff27b2f2609\tt_user_module...
Checking module $paramod$b0f1e1016c392890481bf5d8ac35b43aa4b15aed\tt_user_module...
Checking module $paramod$2209f85bd057791fc8fa9e6f34f210f271a55888\tt_user_module...
Checking module $paramod$cc72a0f5b96a8fb36a2f498a4f03dd6c8a8ffad7\tt_user_module...
Checking module $paramod$bdc5cd61a2ae85472acd573636b2c8dee35e71e0\tt_user_module...
Checking module $paramod$41fd59a0b23b7e0be7a385886337b6896ce73f0e\tt_user_module...
Checking module $paramod$5544a5743a52cc131ce1efb4f68edc41984810e9\tt_user_module...
Checking module $paramod$143cd7ceed6695c91297450c3a50d5fd49215821\tt_user_module...
Checking module $paramod$b80ad908724d7114232a7c923f66ca8d17c26e44\tt_user_module...
Checking module $paramod$678cf6b4ad43a0a3b36459db04c922e3b7563b53\tt_user_module...
Checking module $paramod$70426beb67d918164eaea5c1d7b00469260e6484\tt_user_module...
Checking module $paramod$e3a5cfce93fc805b34c58ed9c89b43641439dc21\tt_user_module...
Checking module $paramod$acc6a5eb52e6804798eafc856534e2faee29f8a0\tt_user_module...
Checking module $paramod$cae02e2a4b6e2dcd26e2dc97a679615a9add3bf2\tt_user_module...
Checking module $paramod$cd43f419ad218697fff80cf0b9b027598ca07c67\tt_user_module...
Checking module $paramod$b2b87c3b389105e81f6008947f80f505d6e59c1a\tt_user_module...
Checking module $paramod$1444acd010a589716776f1d4091940d2f48005f3\tt_user_module...
Checking module $paramod$421f456dc5962d9cbb1f676dd5bbd7c95c8eb517\tt_user_module...
Checking module $paramod$2c465851d3f1caf94f6af9a508247489ddbc7bb2\tt_user_module...
Checking module $paramod$de1f7ea6ea0247934f65658cf6ce2561f3d3eb52\tt_user_module...
Checking module $paramod$303d1b8268fbb1d893bec133bdc2a2716c9dc467\tt_user_module...
Checking module $paramod$b2fc4f05b0ea49404eef830c4ba4dcabcd3ae721\tt_user_module...
Checking module $paramod$cb9708aa51eb418fd54153bb835e273c1d085ca2\tt_user_module...
Checking module $paramod$14a517f497211b05082d8e9a9dd15a171371301a\tt_user_module...
Checking module $paramod$38425e9cda20a89a0965e3b14ce15627f19e4f3f\tt_user_module...
Checking module $paramod$631899bc4bfeedff42d7132c124c9f2c36f6a8ac\tt_user_module...
Checking module $paramod$69fe51d9d2c684344a245b52b4b812a5aba0825d\tt_user_module...
Checking module $paramod$ca9227b1bdff3f83b9b4a0ecab46307b53fca9db\tt_user_module...
Checking module $paramod$bd819b4fa33cb933d3b8b713fd09889102f8f602\tt_user_module...
Checking module $paramod$39b45ab130930608e4eab62caa601732e592a294\tt_user_module...
Checking module $paramod$967ef713276a4f1d677d07f7ae05656744dfca8e\tt_user_module...
Checking module $paramod$dc58e614549434acd6002a604bc065bac2a13fe8\tt_user_module...
Checking module $paramod$8952979db40d87a1073f5a0359b65767b1a42d69\tt_user_module...
Checking module $paramod$17ea16c69ac7418264fd03b44c333f4bfaee062c\tt_user_module...
Checking module $paramod$c8f5f8a9ad9d0223cae4b82ee3afc9ff7946377f\tt_user_module...
Checking module $paramod$66083a8b042dc4470d8f4cba5b3255d9ed7181cb\tt_user_module...
Checking module $paramod$92d1f02bb017ec23e98b1d02f1523932a2b9bb44\tt_user_module...
Checking module $paramod$5b0edc2e78f14c09d5fcfbfcb3b95de52654e568\tt_user_module...
Checking module $paramod$4474637fc7768f2a840a6efd8494fdc7a1ca45f2\tt_user_module...
Checking module $paramod$a543a5e979c3bfb1f09bb5a45f41c3eb41bee251\tt_user_module...
Checking module $paramod$05f271df367e88680a546afef7da38e84c4345bb\tt_user_module...
Checking module $paramod$f1233d17fce5659816a8d89027a336fd21322fac\tt_user_module...
Checking module $paramod$62a01e1521830a090f1a674b2047823d6896180d\tt_user_module...
Checking module $paramod$8cb996d9cde48b5d9b4e4474e2703728ff58b78d\tt_user_module...
Checking module $paramod$e41ee61bf9bfb2bf2e75ea43baa74eafa35e1dbb\tt_user_module...
Checking module $paramod$3a7de1e2abd3fefc0452d73fe00f348ed97dc31e\tt_user_module...
Checking module $paramod$7f2967e700f5d78a421df79262413c76ba8dfd26\tt_user_module...
Checking module $paramod$47d2af132976cc0e24bee7236dad61995718bc2e\tt_user_module...
Checking module $paramod$ba95940369fdd8818d2f9a7d1722c4f2523a46e0\tt_user_module...
Checking module $paramod$5844cf4f752ab77fc25579bccb3aed7c966799e9\tt_user_module...
Checking module $paramod$05600bfe70401f65e76b53e6ad818071fbd0a386\tt_user_module...
Checking module $paramod$000ed551f91b2f624f0a063ed7296b77d7fb935e\tt_user_module...
Checking module $paramod$3dd88102c91c5206bdfdbafcfc5a597f9fcf83c5\tt_user_module...
Checking module $paramod$407fe134c1d4e6c488a6c06602b24cfab47ba9fa\tt_user_module...
Checking module $paramod$70575f3b068cd50d194e820009af8ab287294a29\tt_user_module...
Checking module $paramod$379e5fa15755be1932c436414bbe0208b83db62e\tt_user_module...
Checking module $paramod$a67459dd53d629ec86d29d28d66524eab7606496\tt_user_module...
Checking module $paramod$a882f72d074d2d646a3435905b8e8e0e4a633516\tt_user_module...
Checking module $paramod$92741efddc2fba63c590a49838f36cab5ebdacd3\tt_user_module...
Checking module $paramod$d7caf2c0715259a36d95afdfc6b63ca379ac8fe2\tt_user_module...
Checking module $paramod$f9ddb326c49db8271144252603944d4b5f55d9f3\tt_user_module...
Checking module $paramod$9375faa7861769e3386b5ce653e81d9b966ed428\tt_user_module...
Checking module $paramod$17fab42d3701034813470ef90d872c6afed89ba4\tt_user_module...
Checking module $paramod$7c125059958dfe9e501b08e37c7c5d4d767aeea4\tt_user_module...
Checking module $paramod$150bba0d1d3a2f2250020057f6befd84761fbce4\tt_user_module...
Checking module $paramod$9116d84ee3e10fe11b55d34d412f82b26d5d8be3\tt_user_module...
Checking module $paramod$88ba23cc913d0ab7d836c4645b9501f7e381f350\tt_user_module...
Checking module $paramod$776c9286601dc932c49855ce5be4a748d4f5aa52\tt_user_module...
Checking module $paramod$8abbcfda106e8da0911d726db34065b2b5feb632\tt_user_module...
Checking module $paramod$790f8a8c424bea04a5d06844ae910736c9d8397f\tt_user_module...
Checking module $paramod$47eef73bcc1a591debdf55cc5fc8447bc77dd7b8\tt_user_module...
Checking module $paramod$d99cd5f97d27a2cfd037af6932ea39f0c6db95fc\tt_user_module...
Checking module $paramod$c0c43caa31832319c88b5606a8290412741a5b8f\tt_user_module...
Checking module $paramod$d2f49882a68e708764838a8816aa9415d8ceee38\tt_user_module...
Checking module $paramod$42a10fb2418211805e7db06e6754a4b6ceb54f97\tt_user_module...
Checking module $paramod$ed1ffe47119a0673f34804117fa63236929f1efb\tt_user_module...
Checking module $paramod$f85e6d59f0faa1faecbbd4b71fd783481ce95017\tt_user_module...
Checking module $paramod$92d288497d6d8a7b1c823dd28da99168ab29a20d\tt_user_module...
Checking module $paramod$c31df41fd03360d2b6831666cab6493c7a6b8afb\tt_user_module...
Checking module $paramod$399b01ed7625c2e2ecd19a6623c6e32d3e3b3cfc\tt_user_module...
Checking module $paramod$c1c0a3558802677321d9bfe4674e2b4b5db16699\tt_user_module...
Checking module $paramod$4de2870eda41b2f5d6b3351cf13926cb8d1042fd\tt_user_module...
Checking module $paramod$173d8c359f56d019b314b8917867145db1462a3e\tt_user_module...
Checking module $paramod$54526c2da20936803e062d1399c34287bf3900f6\tt_user_module...
Checking module $paramod$dfeab592a6e01bf4a0124402db27378a2e4369c2\tt_user_module...
Checking module $paramod$06963886b2065988b730d4bf43adb4303d5af64e\tt_user_module...
Checking module $paramod$a67691154a3ef5dc2f2882e10af3b3df121794d3\tt_user_module...
Checking module $paramod$18ec8f563cac26a5561e7728c6674a9ad464a9ae\tt_user_module...
Checking module $paramod$8ceab7a12a220124e4a292b9106a18c244ad6db5\tt_user_module...
Checking module $paramod$7009736293ec6f91602eaef57a3583b8ea19ee50\tt_user_module...
Checking module $paramod$a88572319284db25df37e9c01a3123abc44f46ae\tt_user_module...
Checking module $paramod$edb6174b269ef2c82890c9e23bff7809dfb1b121\tt_user_module...
Checking module $paramod$4ff2c8f21af2d4c9f6915aed6486f26a877a105d\tt_user_module...
Checking module $paramod$51ecd0b9cea1c56f2bd915639d67ffd0c8a27665\tt_user_module...
Checking module $paramod$7009f979f739a18c4aac4c44b3dfe2f21a4d1903\tt_user_module...
Checking module $paramod$847dcaa07eb127e2bbf8b2cb69ba05f72708b3f8\tt_user_module...
Checking module $paramod$b35f69ef170822a205621958c7dc6383eb2e1848\tt_user_module...
Checking module $paramod$d30bc648382c751c9c27d4c7fbe64a7b40dac107\tt_user_module...
Checking module $paramod$69e4cb0da947eab66be1134f5ba071ec229ac0df\tt_user_module...
Checking module $paramod$3b709567d758a77c480a0980b884c270e1209ae7\tt_user_module...
Checking module $paramod$6dea699f171ca5d2ccb5b669e41f347eb5017503\tt_user_module...
Checking module $paramod$cb18976696d0bdcdc404382ab306f86f834b1b64\tt_user_module...
Checking module $paramod$d003e7ea317f7490043b7f9fe2445212fa77d217\tt_user_module...
Checking module $paramod$1d1ff436bb39705825ca3b20e5c040c61913910f\tt_user_module...
Checking module $paramod$0100a7bf5318ab9a63965cd09ba27005989ce8fe\tt_user_module...
Checking module $paramod$997f1c09bc924b2006205b961af9d10cb168e369\tt_user_module...
Checking module $paramod$aee11ddc6039c7a65bf6b9ce0840136c581cc3ce\tt_user_module...
Checking module $paramod$d261c8f0447d92b2b7dd03561d3b66ff28471b77\tt_user_module...
Checking module $paramod$b16ebe9f0d311a2ad3218d889b68cb6c32107f4f\tt_user_module...
Checking module $paramod$f41a33525da6d1dc7a8ea5c9d6c8003bb097db13\tt_user_module...
Checking module $paramod$5238e74ff4bdc1023fc9acefa38468baa5f5fd5f\tt_user_module...
Checking module $paramod$78f1f4c9b4af295f581c72b1c4e3a377f7d6f0f2\tt_user_module...
Checking module $paramod$cce8a71d764eb2ff39db5ed188bd3c81d534d7ac\tt_user_module...
Checking module $paramod$270edb243e292d2a6098c6694c2976c233469169\tt_user_module...
Checking module $paramod$912c913f45835f76bd6571d1ca1bfeb081c3f042\tt_user_module...
Checking module $paramod$0cd3b3def61051cfcd8be823da3bef4663ab3855\tt_user_module...
Checking module $paramod$ebb44dac2fbf021e1bc1ed06f6d7c5f892696e08\tt_user_module...
Checking module $paramod$21cfa0f8934a911c599bc79a8d08106fdece351a\tt_user_module...
Checking module $paramod$a33bbd6a23117ab41e853f6e7c6ce1861ef687f2\tt_user_module...
Checking module $paramod$a0c8b67b17cee7b583aeee5939342466b68803f2\tt_user_module...
Checking module $paramod$efec8f40175e79e48701e8ac07223701fd1ab3c7\tt_user_module...
Checking module $paramod$86a0be99ac5a5800c1506277bde066a1b44424af\tt_user_module...
Checking module $paramod$42b50ac0edc9f798b8b4d93d1bbe6ca0cc542567\tt_user_module...
Checking module $paramod$7ecd903aa65591d506a7dcc45bc39713957772a5\tt_user_module...
Checking module $paramod$0643693e25756da68d27dea2fac55908c94e3c3f\tt_user_module...
Checking module $paramod$7bf1a93f098572729507afbd9a5a228fa9967e0a\tt_user_module...
Checking module $paramod$55217dee3cd574a75b0e951d40bd3ab6bda6bdaa\tt_user_module...
Checking module $paramod$54cb5b2b129980b14adb768ca3455d1c8de7c715\tt_user_module...
Checking module $paramod$61587416e58ae4deafa15b0a84b5f96c9c2a63d0\tt_user_module...
Checking module $paramod$aa2f489398933a931cc55a7e2537b1989b2ede6c\tt_user_module...
Checking module $paramod$dc1c4c05cc60f8f9c0ad15cbfdae61bfabb2d648\tt_user_module...
Checking module $paramod$8ee8c880594459da19449d214f7f206be479efd9\tt_user_module...
Checking module $paramod$78b110ce7f58e0b08f67295bcd316251bd1e7b0d\tt_user_module...
Checking module $paramod$bd8fa8a9d7588a13d2531636eedf81edb059aeb0\tt_user_module...
Checking module $paramod$8b30fd43c1a9d967216f64a372c69e087abfe213\tt_user_module...
Checking module $paramod$54084a3ef6b890db97a09a115b025fb0931d9592\tt_user_module...
Checking module $paramod$d775e902740f6a7166f6c5764fdd86d291f78243\tt_user_module...
Checking module $paramod$654a8d46b5d70d40a67b2f43ec2b48b348db9b06\tt_user_module...
Checking module $paramod$4ed42f2bea846db6f686ea0113bce4751b739f4b\tt_user_module...
Checking module $paramod$242924341ae2eea1051a363eb5bccf68bc6cdbfa\tt_user_module...
Checking module $paramod$eb348486ed06d2dbe94abc39543f3242115593a7\tt_user_module...
Checking module $paramod$7a1593f0a0cc9286d948ab1b697ed79e50caf10b\tt_user_module...
Checking module $paramod$3c971d1b2d3b3041173ac2e6dbeef2e4c3c872f6\tt_user_module...
Checking module $paramod$6b6d92d82391b66de218dcdec4638cb7239ffa63\tt_user_module...
Checking module tt_top...
Warning: multiple conflicting drivers for tt_top.\branch[18].check_mask.l_spine_ow [25]:
    port spine_ow[25] of cell branch[18].check_mask.mux_I (tt_mux)
    port spine_ow[25] of cell branch[16].check_mask.mux_I (tt_mux)
    port spine_ow[25] of cell branch[14].check_mask.mux_I (tt_mux)
    port spine_ow[25] of cell branch[10].check_mask.mux_I (tt_mux)
    port spine_ow[25] of cell branch[8].check_mask.mux_I (tt_mux)
    port spine_ow[25] of cell branch[4].check_mask.mux_I (tt_mux)
    port spine_ow[25] of cell branch[2].check_mask.mux_I (tt_mux)
    port spine_ow[25] of cell branch[0].check_mask.mux_I (tt_mux)
Warning: multiple conflicting drivers for tt_top.\branch[18].check_mask.l_spine_ow [24]:
    port spine_ow[24] of cell branch[18].check_mask.mux_I (tt_mux)
    port spine_ow[24] of cell branch[16].check_mask.mux_I (tt_mux)
    port spine_ow[24] of cell branch[14].check_mask.mux_I (tt_mux)
    port spine_ow[24] of cell branch[10].check_mask.mux_I (tt_mux)
    port spine_ow[24] of cell branch[8].check_mask.mux_I (tt_mux)
    port spine_ow[24] of cell branch[4].check_mask.mux_I (tt_mux)
    port spine_ow[24] of cell branch[2].check_mask.mux_I (tt_mux)
    port spine_ow[24] of cell branch[0].check_mask.mux_I (tt_mux)
Warning: multiple conflicting drivers for tt_top.\branch[18].check_mask.l_spine_ow [23]:
    port spine_ow[23] of cell branch[18].check_mask.mux_I (tt_mux)
    port spine_ow[23] of cell branch[16].check_mask.mux_I (tt_mux)
    port spine_ow[23] of cell branch[14].check_mask.mux_I (tt_mux)
    port spine_ow[23] of cell branch[10].check_mask.mux_I (tt_mux)
    port spine_ow[23] of cell branch[8].check_mask.mux_I (tt_mux)
    port spine_ow[23] of cell branch[4].check_mask.mux_I (tt_mux)
    port spine_ow[23] of cell branch[2].check_mask.mux_I (tt_mux)
    port spine_ow[23] of cell branch[0].check_mask.mux_I (tt_mux)
Warning: multiple conflicting drivers for tt_top.\branch[18].check_mask.l_spine_ow [22]:
    port spine_ow[22] of cell branch[18].check_mask.mux_I (tt_mux)
    port spine_ow[22] of cell branch[16].check_mask.mux_I (tt_mux)
    port spine_ow[22] of cell branch[14].check_mask.mux_I (tt_mux)
    port spine_ow[22] of cell branch[10].check_mask.mux_I (tt_mux)
    port spine_ow[22] of cell branch[8].check_mask.mux_I (tt_mux)
    port spine_ow[22] of cell branch[4].check_mask.mux_I (tt_mux)
    port spine_ow[22] of cell branch[2].check_mask.mux_I (tt_mux)
    port spine_ow[22] of cell branch[0].check_mask.mux_I (tt_mux)
Warning: multiple conflicting drivers for tt_top.\branch[18].check_mask.l_spine_ow [21]:
    port spine_ow[21] of cell branch[18].check_mask.mux_I (tt_mux)
    port spine_ow[21] of cell branch[16].check_mask.mux_I (tt_mux)
    port spine_ow[21] of cell branch[14].check_mask.mux_I (tt_mux)
    port spine_ow[21] of cell branch[10].check_mask.mux_I (tt_mux)
    port spine_ow[21] of cell branch[8].check_mask.mux_I (tt_mux)
    port spine_ow[21] of cell branch[4].check_mask.mux_I (tt_mux)
    port spine_ow[21] of cell branch[2].check_mask.mux_I (tt_mux)
    port spine_ow[21] of cell branch[0].check_mask.mux_I (tt_mux)
Warning: multiple conflicting drivers for tt_top.\branch[18].check_mask.l_spine_ow [20]:
    port spine_ow[20] of cell branch[18].check_mask.mux_I (tt_mux)
    port spine_ow[20] of cell branch[16].check_mask.mux_I (tt_mux)
    port spine_ow[20] of cell branch[14].check_mask.mux_I (tt_mux)
    port spine_ow[20] of cell branch[10].check_mask.mux_I (tt_mux)
    port spine_ow[20] of cell branch[8].check_mask.mux_I (tt_mux)
    port spine_ow[20] of cell branch[4].check_mask.mux_I (tt_mux)
    port spine_ow[20] of cell branch[2].check_mask.mux_I (tt_mux)
    port spine_ow[20] of cell branch[0].check_mask.mux_I (tt_mux)
Warning: multiple conflicting drivers for tt_top.\branch[18].check_mask.l_spine_ow [19]:
    port spine_ow[19] of cell branch[18].check_mask.mux_I (tt_mux)
    port spine_ow[19] of cell branch[16].check_mask.mux_I (tt_mux)
    port spine_ow[19] of cell branch[14].check_mask.mux_I (tt_mux)
    port spine_ow[19] of cell branch[10].check_mask.mux_I (tt_mux)
    port spine_ow[19] of cell branch[8].check_mask.mux_I (tt_mux)
    port spine_ow[19] of cell branch[4].check_mask.mux_I (tt_mux)
    port spine_ow[19] of cell branch[2].check_mask.mux_I (tt_mux)
    port spine_ow[19] of cell branch[0].check_mask.mux_I (tt_mux)
Warning: multiple conflicting drivers for tt_top.\branch[18].check_mask.l_spine_ow [18]:
    port spine_ow[18] of cell branch[18].check_mask.mux_I (tt_mux)
    port spine_ow[18] of cell branch[16].check_mask.mux_I (tt_mux)
    port spine_ow[18] of cell branch[14].check_mask.mux_I (tt_mux)
    port spine_ow[18] of cell branch[10].check_mask.mux_I (tt_mux)
    port spine_ow[18] of cell branch[8].check_mask.mux_I (tt_mux)
    port spine_ow[18] of cell branch[4].check_mask.mux_I (tt_mux)
    port spine_ow[18] of cell branch[2].check_mask.mux_I (tt_mux)
    port spine_ow[18] of cell branch[0].check_mask.mux_I (tt_mux)
Warning: multiple conflicting drivers for tt_top.\branch[18].check_mask.l_spine_ow [17]:
    port spine_ow[17] of cell branch[18].check_mask.mux_I (tt_mux)
    port spine_ow[17] of cell branch[16].check_mask.mux_I (tt_mux)
    port spine_ow[17] of cell branch[14].check_mask.mux_I (tt_mux)
    port spine_ow[17] of cell branch[10].check_mask.mux_I (tt_mux)
    port spine_ow[17] of cell branch[8].check_mask.mux_I (tt_mux)
    port spine_ow[17] of cell branch[4].check_mask.mux_I (tt_mux)
    port spine_ow[17] of cell branch[2].check_mask.mux_I (tt_mux)
    port spine_ow[17] of cell branch[0].check_mask.mux_I (tt_mux)
Warning: multiple conflicting drivers for tt_top.\branch[18].check_mask.l_spine_ow [16]:
    port spine_ow[16] of cell branch[18].check_mask.mux_I (tt_mux)
    port spine_ow[16] of cell branch[16].check_mask.mux_I (tt_mux)
    port spine_ow[16] of cell branch[14].check_mask.mux_I (tt_mux)
    port spine_ow[16] of cell branch[10].check_mask.mux_I (tt_mux)
    port spine_ow[16] of cell branch[8].check_mask.mux_I (tt_mux)
    port spine_ow[16] of cell branch[4].check_mask.mux_I (tt_mux)
    port spine_ow[16] of cell branch[2].check_mask.mux_I (tt_mux)
    port spine_ow[16] of cell branch[0].check_mask.mux_I (tt_mux)
Warning: multiple conflicting drivers for tt_top.\branch[18].check_mask.l_spine_ow [15]:
    port spine_ow[15] of cell branch[18].check_mask.mux_I (tt_mux)
    port spine_ow[15] of cell branch[16].check_mask.mux_I (tt_mux)
    port spine_ow[15] of cell branch[14].check_mask.mux_I (tt_mux)
    port spine_ow[15] of cell branch[10].check_mask.mux_I (tt_mux)
    port spine_ow[15] of cell branch[8].check_mask.mux_I (tt_mux)
    port spine_ow[15] of cell branch[4].check_mask.mux_I (tt_mux)
    port spine_ow[15] of cell branch[2].check_mask.mux_I (tt_mux)
    port spine_ow[15] of cell branch[0].check_mask.mux_I (tt_mux)
Warning: multiple conflicting drivers for tt_top.\branch[18].check_mask.l_spine_ow [14]:
    port spine_ow[14] of cell branch[18].check_mask.mux_I (tt_mux)
    port spine_ow[14] of cell branch[16].check_mask.mux_I (tt_mux)
    port spine_ow[14] of cell branch[14].check_mask.mux_I (tt_mux)
    port spine_ow[14] of cell branch[10].check_mask.mux_I (tt_mux)
    port spine_ow[14] of cell branch[8].check_mask.mux_I (tt_mux)
    port spine_ow[14] of cell branch[4].check_mask.mux_I (tt_mux)
    port spine_ow[14] of cell branch[2].check_mask.mux_I (tt_mux)
    port spine_ow[14] of cell branch[0].check_mask.mux_I (tt_mux)
Warning: multiple conflicting drivers for tt_top.\branch[18].check_mask.l_spine_ow [13]:
    port spine_ow[13] of cell branch[18].check_mask.mux_I (tt_mux)
    port spine_ow[13] of cell branch[16].check_mask.mux_I (tt_mux)
    port spine_ow[13] of cell branch[14].check_mask.mux_I (tt_mux)
    port spine_ow[13] of cell branch[10].check_mask.mux_I (tt_mux)
    port spine_ow[13] of cell branch[8].check_mask.mux_I (tt_mux)
    port spine_ow[13] of cell branch[4].check_mask.mux_I (tt_mux)
    port spine_ow[13] of cell branch[2].check_mask.mux_I (tt_mux)
    port spine_ow[13] of cell branch[0].check_mask.mux_I (tt_mux)
Warning: multiple conflicting drivers for tt_top.\branch[18].check_mask.l_spine_ow [12]:
    port spine_ow[12] of cell branch[18].check_mask.mux_I (tt_mux)
    port spine_ow[12] of cell branch[16].check_mask.mux_I (tt_mux)
    port spine_ow[12] of cell branch[14].check_mask.mux_I (tt_mux)
    port spine_ow[12] of cell branch[10].check_mask.mux_I (tt_mux)
    port spine_ow[12] of cell branch[8].check_mask.mux_I (tt_mux)
    port spine_ow[12] of cell branch[4].check_mask.mux_I (tt_mux)
    port spine_ow[12] of cell branch[2].check_mask.mux_I (tt_mux)
    port spine_ow[12] of cell branch[0].check_mask.mux_I (tt_mux)
Warning: multiple conflicting drivers for tt_top.\branch[18].check_mask.l_spine_ow [11]:
    port spine_ow[11] of cell branch[18].check_mask.mux_I (tt_mux)
    port spine_ow[11] of cell branch[16].check_mask.mux_I (tt_mux)
    port spine_ow[11] of cell branch[14].check_mask.mux_I (tt_mux)
    port spine_ow[11] of cell branch[10].check_mask.mux_I (tt_mux)
    port spine_ow[11] of cell branch[8].check_mask.mux_I (tt_mux)
    port spine_ow[11] of cell branch[4].check_mask.mux_I (tt_mux)
    port spine_ow[11] of cell branch[2].check_mask.mux_I (tt_mux)
    port spine_ow[11] of cell branch[0].check_mask.mux_I (tt_mux)
Warning: multiple conflicting drivers for tt_top.\branch[18].check_mask.l_spine_ow [10]:
    port spine_ow[10] of cell branch[18].check_mask.mux_I (tt_mux)
    port spine_ow[10] of cell branch[16].check_mask.mux_I (tt_mux)
    port spine_ow[10] of cell branch[14].check_mask.mux_I (tt_mux)
    port spine_ow[10] of cell branch[10].check_mask.mux_I (tt_mux)
    port spine_ow[10] of cell branch[8].check_mask.mux_I (tt_mux)
    port spine_ow[10] of cell branch[4].check_mask.mux_I (tt_mux)
    port spine_ow[10] of cell branch[2].check_mask.mux_I (tt_mux)
    port spine_ow[10] of cell branch[0].check_mask.mux_I (tt_mux)
Warning: multiple conflicting drivers for tt_top.\branch[18].check_mask.l_spine_ow [9]:
    port spine_ow[9] of cell branch[18].check_mask.mux_I (tt_mux)
    port spine_ow[9] of cell branch[16].check_mask.mux_I (tt_mux)
    port spine_ow[9] of cell branch[14].check_mask.mux_I (tt_mux)
    port spine_ow[9] of cell branch[10].check_mask.mux_I (tt_mux)
    port spine_ow[9] of cell branch[8].check_mask.mux_I (tt_mux)
    port spine_ow[9] of cell branch[4].check_mask.mux_I (tt_mux)
    port spine_ow[9] of cell branch[2].check_mask.mux_I (tt_mux)
    port spine_ow[9] of cell branch[0].check_mask.mux_I (tt_mux)
Warning: multiple conflicting drivers for tt_top.\branch[18].check_mask.l_spine_ow [8]:
    port spine_ow[8] of cell branch[18].check_mask.mux_I (tt_mux)
    port spine_ow[8] of cell branch[16].check_mask.mux_I (tt_mux)
    port spine_ow[8] of cell branch[14].check_mask.mux_I (tt_mux)
    port spine_ow[8] of cell branch[10].check_mask.mux_I (tt_mux)
    port spine_ow[8] of cell branch[8].check_mask.mux_I (tt_mux)
    port spine_ow[8] of cell branch[4].check_mask.mux_I (tt_mux)
    port spine_ow[8] of cell branch[2].check_mask.mux_I (tt_mux)
    port spine_ow[8] of cell branch[0].check_mask.mux_I (tt_mux)
Warning: multiple conflicting drivers for tt_top.\branch[18].check_mask.l_spine_ow [7]:
    port spine_ow[7] of cell branch[18].check_mask.mux_I (tt_mux)
    port spine_ow[7] of cell branch[16].check_mask.mux_I (tt_mux)
    port spine_ow[7] of cell branch[14].check_mask.mux_I (tt_mux)
    port spine_ow[7] of cell branch[10].check_mask.mux_I (tt_mux)
    port spine_ow[7] of cell branch[8].check_mask.mux_I (tt_mux)
    port spine_ow[7] of cell branch[4].check_mask.mux_I (tt_mux)
    port spine_ow[7] of cell branch[2].check_mask.mux_I (tt_mux)
    port spine_ow[7] of cell branch[0].check_mask.mux_I (tt_mux)
Warning: multiple conflicting drivers for tt_top.\branch[18].check_mask.l_spine_ow [6]:
    port spine_ow[6] of cell branch[18].check_mask.mux_I (tt_mux)
    port spine_ow[6] of cell branch[16].check_mask.mux_I (tt_mux)
    port spine_ow[6] of cell branch[14].check_mask.mux_I (tt_mux)
    port spine_ow[6] of cell branch[10].check_mask.mux_I (tt_mux)
    port spine_ow[6] of cell branch[8].check_mask.mux_I (tt_mux)
    port spine_ow[6] of cell branch[4].check_mask.mux_I (tt_mux)
    port spine_ow[6] of cell branch[2].check_mask.mux_I (tt_mux)
    port spine_ow[6] of cell branch[0].check_mask.mux_I (tt_mux)
Warning: multiple conflicting drivers for tt_top.\branch[18].check_mask.l_spine_ow [5]:
    port spine_ow[5] of cell branch[18].check_mask.mux_I (tt_mux)
    port spine_ow[5] of cell branch[16].check_mask.mux_I (tt_mux)
    port spine_ow[5] of cell branch[14].check_mask.mux_I (tt_mux)
    port spine_ow[5] of cell branch[10].check_mask.mux_I (tt_mux)
    port spine_ow[5] of cell branch[8].check_mask.mux_I (tt_mux)
    port spine_ow[5] of cell branch[4].check_mask.mux_I (tt_mux)
    port spine_ow[5] of cell branch[2].check_mask.mux_I (tt_mux)
    port spine_ow[5] of cell branch[0].check_mask.mux_I (tt_mux)
Warning: multiple conflicting drivers for tt_top.\branch[18].check_mask.l_spine_ow [4]:
    port spine_ow[4] of cell branch[18].check_mask.mux_I (tt_mux)
    port spine_ow[4] of cell branch[16].check_mask.mux_I (tt_mux)
    port spine_ow[4] of cell branch[14].check_mask.mux_I (tt_mux)
    port spine_ow[4] of cell branch[10].check_mask.mux_I (tt_mux)
    port spine_ow[4] of cell branch[8].check_mask.mux_I (tt_mux)
    port spine_ow[4] of cell branch[4].check_mask.mux_I (tt_mux)
    port spine_ow[4] of cell branch[2].check_mask.mux_I (tt_mux)
    port spine_ow[4] of cell branch[0].check_mask.mux_I (tt_mux)
Warning: multiple conflicting drivers for tt_top.\branch[18].check_mask.l_spine_ow [3]:
    port spine_ow[3] of cell branch[18].check_mask.mux_I (tt_mux)
    port spine_ow[3] of cell branch[16].check_mask.mux_I (tt_mux)
    port spine_ow[3] of cell branch[14].check_mask.mux_I (tt_mux)
    port spine_ow[3] of cell branch[10].check_mask.mux_I (tt_mux)
    port spine_ow[3] of cell branch[8].check_mask.mux_I (tt_mux)
    port spine_ow[3] of cell branch[4].check_mask.mux_I (tt_mux)
    port spine_ow[3] of cell branch[2].check_mask.mux_I (tt_mux)
    port spine_ow[3] of cell branch[0].check_mask.mux_I (tt_mux)
Warning: multiple conflicting drivers for tt_top.\branch[18].check_mask.l_spine_ow [2]:
    port spine_ow[2] of cell branch[18].check_mask.mux_I (tt_mux)
    port spine_ow[2] of cell branch[16].check_mask.mux_I (tt_mux)
    port spine_ow[2] of cell branch[14].check_mask.mux_I (tt_mux)
    port spine_ow[2] of cell branch[10].check_mask.mux_I (tt_mux)
    port spine_ow[2] of cell branch[8].check_mask.mux_I (tt_mux)
    port spine_ow[2] of cell branch[4].check_mask.mux_I (tt_mux)
    port spine_ow[2] of cell branch[2].check_mask.mux_I (tt_mux)
    port spine_ow[2] of cell branch[0].check_mask.mux_I (tt_mux)
Warning: multiple conflicting drivers for tt_top.\branch[18].check_mask.l_spine_ow [1]:
    port spine_ow[1] of cell branch[18].check_mask.mux_I (tt_mux)
    port spine_ow[1] of cell branch[16].check_mask.mux_I (tt_mux)
    port spine_ow[1] of cell branch[14].check_mask.mux_I (tt_mux)
    port spine_ow[1] of cell branch[10].check_mask.mux_I (tt_mux)
    port spine_ow[1] of cell branch[8].check_mask.mux_I (tt_mux)
    port spine_ow[1] of cell branch[4].check_mask.mux_I (tt_mux)
    port spine_ow[1] of cell branch[2].check_mask.mux_I (tt_mux)
    port spine_ow[1] of cell branch[0].check_mask.mux_I (tt_mux)
Warning: multiple conflicting drivers for tt_top.\branch[18].check_mask.l_spine_ow [0]:
    port spine_ow[0] of cell branch[18].check_mask.mux_I (tt_mux)
    port spine_ow[0] of cell branch[16].check_mask.mux_I (tt_mux)
    port spine_ow[0] of cell branch[14].check_mask.mux_I (tt_mux)
    port spine_ow[0] of cell branch[10].check_mask.mux_I (tt_mux)
    port spine_ow[0] of cell branch[8].check_mask.mux_I (tt_mux)
    port spine_ow[0] of cell branch[4].check_mask.mux_I (tt_mux)
    port spine_ow[0] of cell branch[2].check_mask.mux_I (tt_mux)
    port spine_ow[0] of cell branch[0].check_mask.mux_I (tt_mux)
Warning: multiple conflicting drivers for tt_top.\branch[19].check_mask.l_spine_ow [25]:
    port spine_ow[25] of cell branch[19].check_mask.mux_I (tt_mux)
    port spine_ow[25] of cell branch[17].check_mask.mux_I (tt_mux)
    port spine_ow[25] of cell branch[15].check_mask.mux_I (tt_mux)
    port spine_ow[25] of cell branch[13].check_mask.mux_I (tt_mux)
    port spine_ow[25] of cell branch[9].check_mask.mux_I (tt_mux)
    port spine_ow[25] of cell branch[7].check_mask.mux_I (tt_mux)
    port spine_ow[25] of cell branch[5].check_mask.mux_I (tt_mux)
    port spine_ow[25] of cell branch[3].check_mask.mux_I (tt_mux)
    port spine_ow[25] of cell branch[1].check_mask.mux_I (tt_mux)
Warning: multiple conflicting drivers for tt_top.\branch[19].check_mask.l_spine_ow [24]:
    port spine_ow[24] of cell branch[19].check_mask.mux_I (tt_mux)
    port spine_ow[24] of cell branch[17].check_mask.mux_I (tt_mux)
    port spine_ow[24] of cell branch[15].check_mask.mux_I (tt_mux)
    port spine_ow[24] of cell branch[13].check_mask.mux_I (tt_mux)
    port spine_ow[24] of cell branch[9].check_mask.mux_I (tt_mux)
    port spine_ow[24] of cell branch[7].check_mask.mux_I (tt_mux)
    port spine_ow[24] of cell branch[5].check_mask.mux_I (tt_mux)
    port spine_ow[24] of cell branch[3].check_mask.mux_I (tt_mux)
    port spine_ow[24] of cell branch[1].check_mask.mux_I (tt_mux)
Warning: multiple conflicting drivers for tt_top.\branch[19].check_mask.l_spine_ow [23]:
    port spine_ow[23] of cell branch[19].check_mask.mux_I (tt_mux)
    port spine_ow[23] of cell branch[17].check_mask.mux_I (tt_mux)
    port spine_ow[23] of cell branch[15].check_mask.mux_I (tt_mux)
    port spine_ow[23] of cell branch[13].check_mask.mux_I (tt_mux)
    port spine_ow[23] of cell branch[9].check_mask.mux_I (tt_mux)
    port spine_ow[23] of cell branch[7].check_mask.mux_I (tt_mux)
    port spine_ow[23] of cell branch[5].check_mask.mux_I (tt_mux)
    port spine_ow[23] of cell branch[3].check_mask.mux_I (tt_mux)
    port spine_ow[23] of cell branch[1].check_mask.mux_I (tt_mux)
Warning: multiple conflicting drivers for tt_top.\branch[19].check_mask.l_spine_ow [22]:
    port spine_ow[22] of cell branch[19].check_mask.mux_I (tt_mux)
    port spine_ow[22] of cell branch[17].check_mask.mux_I (tt_mux)
    port spine_ow[22] of cell branch[15].check_mask.mux_I (tt_mux)
    port spine_ow[22] of cell branch[13].check_mask.mux_I (tt_mux)
    port spine_ow[22] of cell branch[9].check_mask.mux_I (tt_mux)
    port spine_ow[22] of cell branch[7].check_mask.mux_I (tt_mux)
    port spine_ow[22] of cell branch[5].check_mask.mux_I (tt_mux)
    port spine_ow[22] of cell branch[3].check_mask.mux_I (tt_mux)
    port spine_ow[22] of cell branch[1].check_mask.mux_I (tt_mux)
Warning: multiple conflicting drivers for tt_top.\branch[19].check_mask.l_spine_ow [21]:
    port spine_ow[21] of cell branch[19].check_mask.mux_I (tt_mux)
    port spine_ow[21] of cell branch[17].check_mask.mux_I (tt_mux)
    port spine_ow[21] of cell branch[15].check_mask.mux_I (tt_mux)
    port spine_ow[21] of cell branch[13].check_mask.mux_I (tt_mux)
    port spine_ow[21] of cell branch[9].check_mask.mux_I (tt_mux)
    port spine_ow[21] of cell branch[7].check_mask.mux_I (tt_mux)
    port spine_ow[21] of cell branch[5].check_mask.mux_I (tt_mux)
    port spine_ow[21] of cell branch[3].check_mask.mux_I (tt_mux)
    port spine_ow[21] of cell branch[1].check_mask.mux_I (tt_mux)
Warning: multiple conflicting drivers for tt_top.\branch[19].check_mask.l_spine_ow [20]:
    port spine_ow[20] of cell branch[19].check_mask.mux_I (tt_mux)
    port spine_ow[20] of cell branch[17].check_mask.mux_I (tt_mux)
    port spine_ow[20] of cell branch[15].check_mask.mux_I (tt_mux)
    port spine_ow[20] of cell branch[13].check_mask.mux_I (tt_mux)
    port spine_ow[20] of cell branch[9].check_mask.mux_I (tt_mux)
    port spine_ow[20] of cell branch[7].check_mask.mux_I (tt_mux)
    port spine_ow[20] of cell branch[5].check_mask.mux_I (tt_mux)
    port spine_ow[20] of cell branch[3].check_mask.mux_I (tt_mux)
    port spine_ow[20] of cell branch[1].check_mask.mux_I (tt_mux)
Warning: multiple conflicting drivers for tt_top.\branch[19].check_mask.l_spine_ow [19]:
    port spine_ow[19] of cell branch[19].check_mask.mux_I (tt_mux)
    port spine_ow[19] of cell branch[17].check_mask.mux_I (tt_mux)
    port spine_ow[19] of cell branch[15].check_mask.mux_I (tt_mux)
    port spine_ow[19] of cell branch[13].check_mask.mux_I (tt_mux)
    port spine_ow[19] of cell branch[9].check_mask.mux_I (tt_mux)
    port spine_ow[19] of cell branch[7].check_mask.mux_I (tt_mux)
    port spine_ow[19] of cell branch[5].check_mask.mux_I (tt_mux)
    port spine_ow[19] of cell branch[3].check_mask.mux_I (tt_mux)
    port spine_ow[19] of cell branch[1].check_mask.mux_I (tt_mux)
Warning: multiple conflicting drivers for tt_top.\branch[19].check_mask.l_spine_ow [18]:
    port spine_ow[18] of cell branch[19].check_mask.mux_I (tt_mux)
    port spine_ow[18] of cell branch[17].check_mask.mux_I (tt_mux)
    port spine_ow[18] of cell branch[15].check_mask.mux_I (tt_mux)
    port spine_ow[18] of cell branch[13].check_mask.mux_I (tt_mux)
    port spine_ow[18] of cell branch[9].check_mask.mux_I (tt_mux)
    port spine_ow[18] of cell branch[7].check_mask.mux_I (tt_mux)
    port spine_ow[18] of cell branch[5].check_mask.mux_I (tt_mux)
    port spine_ow[18] of cell branch[3].check_mask.mux_I (tt_mux)
    port spine_ow[18] of cell branch[1].check_mask.mux_I (tt_mux)
Warning: multiple conflicting drivers for tt_top.\branch[19].check_mask.l_spine_ow [17]:
    port spine_ow[17] of cell branch[19].check_mask.mux_I (tt_mux)
    port spine_ow[17] of cell branch[17].check_mask.mux_I (tt_mux)
    port spine_ow[17] of cell branch[15].check_mask.mux_I (tt_mux)
    port spine_ow[17] of cell branch[13].check_mask.mux_I (tt_mux)
    port spine_ow[17] of cell branch[9].check_mask.mux_I (tt_mux)
    port spine_ow[17] of cell branch[7].check_mask.mux_I (tt_mux)
    port spine_ow[17] of cell branch[5].check_mask.mux_I (tt_mux)
    port spine_ow[17] of cell branch[3].check_mask.mux_I (tt_mux)
    port spine_ow[17] of cell branch[1].check_mask.mux_I (tt_mux)
Warning: multiple conflicting drivers for tt_top.\branch[19].check_mask.l_spine_ow [16]:
    port spine_ow[16] of cell branch[19].check_mask.mux_I (tt_mux)
    port spine_ow[16] of cell branch[17].check_mask.mux_I (tt_mux)
    port spine_ow[16] of cell branch[15].check_mask.mux_I (tt_mux)
    port spine_ow[16] of cell branch[13].check_mask.mux_I (tt_mux)
    port spine_ow[16] of cell branch[9].check_mask.mux_I (tt_mux)
    port spine_ow[16] of cell branch[7].check_mask.mux_I (tt_mux)
    port spine_ow[16] of cell branch[5].check_mask.mux_I (tt_mux)
    port spine_ow[16] of cell branch[3].check_mask.mux_I (tt_mux)
    port spine_ow[16] of cell branch[1].check_mask.mux_I (tt_mux)
Warning: multiple conflicting drivers for tt_top.\branch[19].check_mask.l_spine_ow [15]:
    port spine_ow[15] of cell branch[19].check_mask.mux_I (tt_mux)
    port spine_ow[15] of cell branch[17].check_mask.mux_I (tt_mux)
    port spine_ow[15] of cell branch[15].check_mask.mux_I (tt_mux)
    port spine_ow[15] of cell branch[13].check_mask.mux_I (tt_mux)
    port spine_ow[15] of cell branch[9].check_mask.mux_I (tt_mux)
    port spine_ow[15] of cell branch[7].check_mask.mux_I (tt_mux)
    port spine_ow[15] of cell branch[5].check_mask.mux_I (tt_mux)
    port spine_ow[15] of cell branch[3].check_mask.mux_I (tt_mux)
    port spine_ow[15] of cell branch[1].check_mask.mux_I (tt_mux)
Warning: multiple conflicting drivers for tt_top.\branch[19].check_mask.l_spine_ow [14]:
    port spine_ow[14] of cell branch[19].check_mask.mux_I (tt_mux)
    port spine_ow[14] of cell branch[17].check_mask.mux_I (tt_mux)
    port spine_ow[14] of cell branch[15].check_mask.mux_I (tt_mux)
    port spine_ow[14] of cell branch[13].check_mask.mux_I (tt_mux)
    port spine_ow[14] of cell branch[9].check_mask.mux_I (tt_mux)
    port spine_ow[14] of cell branch[7].check_mask.mux_I (tt_mux)
    port spine_ow[14] of cell branch[5].check_mask.mux_I (tt_mux)
    port spine_ow[14] of cell branch[3].check_mask.mux_I (tt_mux)
    port spine_ow[14] of cell branch[1].check_mask.mux_I (tt_mux)
Warning: multiple conflicting drivers for tt_top.\branch[19].check_mask.l_spine_ow [13]:
    port spine_ow[13] of cell branch[19].check_mask.mux_I (tt_mux)
    port spine_ow[13] of cell branch[17].check_mask.mux_I (tt_mux)
    port spine_ow[13] of cell branch[15].check_mask.mux_I (tt_mux)
    port spine_ow[13] of cell branch[13].check_mask.mux_I (tt_mux)
    port spine_ow[13] of cell branch[9].check_mask.mux_I (tt_mux)
    port spine_ow[13] of cell branch[7].check_mask.mux_I (tt_mux)
    port spine_ow[13] of cell branch[5].check_mask.mux_I (tt_mux)
    port spine_ow[13] of cell branch[3].check_mask.mux_I (tt_mux)
    port spine_ow[13] of cell branch[1].check_mask.mux_I (tt_mux)
Warning: multiple conflicting drivers for tt_top.\branch[19].check_mask.l_spine_ow [12]:
    port spine_ow[12] of cell branch[19].check_mask.mux_I (tt_mux)
    port spine_ow[12] of cell branch[17].check_mask.mux_I (tt_mux)
    port spine_ow[12] of cell branch[15].check_mask.mux_I (tt_mux)
    port spine_ow[12] of cell branch[13].check_mask.mux_I (tt_mux)
    port spine_ow[12] of cell branch[9].check_mask.mux_I (tt_mux)
    port spine_ow[12] of cell branch[7].check_mask.mux_I (tt_mux)
    port spine_ow[12] of cell branch[5].check_mask.mux_I (tt_mux)
    port spine_ow[12] of cell branch[3].check_mask.mux_I (tt_mux)
    port spine_ow[12] of cell branch[1].check_mask.mux_I (tt_mux)
Warning: multiple conflicting drivers for tt_top.\branch[19].check_mask.l_spine_ow [11]:
    port spine_ow[11] of cell branch[19].check_mask.mux_I (tt_mux)
    port spine_ow[11] of cell branch[17].check_mask.mux_I (tt_mux)
    port spine_ow[11] of cell branch[15].check_mask.mux_I (tt_mux)
    port spine_ow[11] of cell branch[13].check_mask.mux_I (tt_mux)
    port spine_ow[11] of cell branch[9].check_mask.mux_I (tt_mux)
    port spine_ow[11] of cell branch[7].check_mask.mux_I (tt_mux)
    port spine_ow[11] of cell branch[5].check_mask.mux_I (tt_mux)
    port spine_ow[11] of cell branch[3].check_mask.mux_I (tt_mux)
    port spine_ow[11] of cell branch[1].check_mask.mux_I (tt_mux)
Warning: multiple conflicting drivers for tt_top.\branch[19].check_mask.l_spine_ow [10]:
    port spine_ow[10] of cell branch[19].check_mask.mux_I (tt_mux)
    port spine_ow[10] of cell branch[17].check_mask.mux_I (tt_mux)
    port spine_ow[10] of cell branch[15].check_mask.mux_I (tt_mux)
    port spine_ow[10] of cell branch[13].check_mask.mux_I (tt_mux)
    port spine_ow[10] of cell branch[9].check_mask.mux_I (tt_mux)
    port spine_ow[10] of cell branch[7].check_mask.mux_I (tt_mux)
    port spine_ow[10] of cell branch[5].check_mask.mux_I (tt_mux)
    port spine_ow[10] of cell branch[3].check_mask.mux_I (tt_mux)
    port spine_ow[10] of cell branch[1].check_mask.mux_I (tt_mux)
Warning: multiple conflicting drivers for tt_top.\branch[19].check_mask.l_spine_ow [9]:
    port spine_ow[9] of cell branch[19].check_mask.mux_I (tt_mux)
    port spine_ow[9] of cell branch[17].check_mask.mux_I (tt_mux)
    port spine_ow[9] of cell branch[15].check_mask.mux_I (tt_mux)
    port spine_ow[9] of cell branch[13].check_mask.mux_I (tt_mux)
    port spine_ow[9] of cell branch[9].check_mask.mux_I (tt_mux)
    port spine_ow[9] of cell branch[7].check_mask.mux_I (tt_mux)
    port spine_ow[9] of cell branch[5].check_mask.mux_I (tt_mux)
    port spine_ow[9] of cell branch[3].check_mask.mux_I (tt_mux)
    port spine_ow[9] of cell branch[1].check_mask.mux_I (tt_mux)
Warning: multiple conflicting drivers for tt_top.\branch[19].check_mask.l_spine_ow [8]:
    port spine_ow[8] of cell branch[19].check_mask.mux_I (tt_mux)
    port spine_ow[8] of cell branch[17].check_mask.mux_I (tt_mux)
    port spine_ow[8] of cell branch[15].check_mask.mux_I (tt_mux)
    port spine_ow[8] of cell branch[13].check_mask.mux_I (tt_mux)
    port spine_ow[8] of cell branch[9].check_mask.mux_I (tt_mux)
    port spine_ow[8] of cell branch[7].check_mask.mux_I (tt_mux)
    port spine_ow[8] of cell branch[5].check_mask.mux_I (tt_mux)
    port spine_ow[8] of cell branch[3].check_mask.mux_I (tt_mux)
    port spine_ow[8] of cell branch[1].check_mask.mux_I (tt_mux)
Warning: multiple conflicting drivers for tt_top.\branch[19].check_mask.l_spine_ow [7]:
    port spine_ow[7] of cell branch[19].check_mask.mux_I (tt_mux)
    port spine_ow[7] of cell branch[17].check_mask.mux_I (tt_mux)
    port spine_ow[7] of cell branch[15].check_mask.mux_I (tt_mux)
    port spine_ow[7] of cell branch[13].check_mask.mux_I (tt_mux)
    port spine_ow[7] of cell branch[9].check_mask.mux_I (tt_mux)
    port spine_ow[7] of cell branch[7].check_mask.mux_I (tt_mux)
    port spine_ow[7] of cell branch[5].check_mask.mux_I (tt_mux)
    port spine_ow[7] of cell branch[3].check_mask.mux_I (tt_mux)
    port spine_ow[7] of cell branch[1].check_mask.mux_I (tt_mux)
Warning: multiple conflicting drivers for tt_top.\branch[19].check_mask.l_spine_ow [6]:
    port spine_ow[6] of cell branch[19].check_mask.mux_I (tt_mux)
    port spine_ow[6] of cell branch[17].check_mask.mux_I (tt_mux)
    port spine_ow[6] of cell branch[15].check_mask.mux_I (tt_mux)
    port spine_ow[6] of cell branch[13].check_mask.mux_I (tt_mux)
    port spine_ow[6] of cell branch[9].check_mask.mux_I (tt_mux)
    port spine_ow[6] of cell branch[7].check_mask.mux_I (tt_mux)
    port spine_ow[6] of cell branch[5].check_mask.mux_I (tt_mux)
    port spine_ow[6] of cell branch[3].check_mask.mux_I (tt_mux)
    port spine_ow[6] of cell branch[1].check_mask.mux_I (tt_mux)
Warning: multiple conflicting drivers for tt_top.\branch[19].check_mask.l_spine_ow [5]:
    port spine_ow[5] of cell branch[19].check_mask.mux_I (tt_mux)
    port spine_ow[5] of cell branch[17].check_mask.mux_I (tt_mux)
    port spine_ow[5] of cell branch[15].check_mask.mux_I (tt_mux)
    port spine_ow[5] of cell branch[13].check_mask.mux_I (tt_mux)
    port spine_ow[5] of cell branch[9].check_mask.mux_I (tt_mux)
    port spine_ow[5] of cell branch[7].check_mask.mux_I (tt_mux)
    port spine_ow[5] of cell branch[5].check_mask.mux_I (tt_mux)
    port spine_ow[5] of cell branch[3].check_mask.mux_I (tt_mux)
    port spine_ow[5] of cell branch[1].check_mask.mux_I (tt_mux)
Warning: multiple conflicting drivers for tt_top.\branch[19].check_mask.l_spine_ow [4]:
    port spine_ow[4] of cell branch[19].check_mask.mux_I (tt_mux)
    port spine_ow[4] of cell branch[17].check_mask.mux_I (tt_mux)
    port spine_ow[4] of cell branch[15].check_mask.mux_I (tt_mux)
    port spine_ow[4] of cell branch[13].check_mask.mux_I (tt_mux)
    port spine_ow[4] of cell branch[9].check_mask.mux_I (tt_mux)
    port spine_ow[4] of cell branch[7].check_mask.mux_I (tt_mux)
    port spine_ow[4] of cell branch[5].check_mask.mux_I (tt_mux)
    port spine_ow[4] of cell branch[3].check_mask.mux_I (tt_mux)
    port spine_ow[4] of cell branch[1].check_mask.mux_I (tt_mux)
Warning: multiple conflicting drivers for tt_top.\branch[19].check_mask.l_spine_ow [3]:
    port spine_ow[3] of cell branch[19].check_mask.mux_I (tt_mux)
    port spine_ow[3] of cell branch[17].check_mask.mux_I (tt_mux)
    port spine_ow[3] of cell branch[15].check_mask.mux_I (tt_mux)
    port spine_ow[3] of cell branch[13].check_mask.mux_I (tt_mux)
    port spine_ow[3] of cell branch[9].check_mask.mux_I (tt_mux)
    port spine_ow[3] of cell branch[7].check_mask.mux_I (tt_mux)
    port spine_ow[3] of cell branch[5].check_mask.mux_I (tt_mux)
    port spine_ow[3] of cell branch[3].check_mask.mux_I (tt_mux)
    port spine_ow[3] of cell branch[1].check_mask.mux_I (tt_mux)
Warning: multiple conflicting drivers for tt_top.\branch[19].check_mask.l_spine_ow [2]:
    port spine_ow[2] of cell branch[19].check_mask.mux_I (tt_mux)
    port spine_ow[2] of cell branch[17].check_mask.mux_I (tt_mux)
    port spine_ow[2] of cell branch[15].check_mask.mux_I (tt_mux)
    port spine_ow[2] of cell branch[13].check_mask.mux_I (tt_mux)
    port spine_ow[2] of cell branch[9].check_mask.mux_I (tt_mux)
    port spine_ow[2] of cell branch[7].check_mask.mux_I (tt_mux)
    port spine_ow[2] of cell branch[5].check_mask.mux_I (tt_mux)
    port spine_ow[2] of cell branch[3].check_mask.mux_I (tt_mux)
    port spine_ow[2] of cell branch[1].check_mask.mux_I (tt_mux)
Warning: multiple conflicting drivers for tt_top.\branch[19].check_mask.l_spine_ow [1]:
    port spine_ow[1] of cell branch[19].check_mask.mux_I (tt_mux)
    port spine_ow[1] of cell branch[17].check_mask.mux_I (tt_mux)
    port spine_ow[1] of cell branch[15].check_mask.mux_I (tt_mux)
    port spine_ow[1] of cell branch[13].check_mask.mux_I (tt_mux)
    port spine_ow[1] of cell branch[9].check_mask.mux_I (tt_mux)
    port spine_ow[1] of cell branch[7].check_mask.mux_I (tt_mux)
    port spine_ow[1] of cell branch[5].check_mask.mux_I (tt_mux)
    port spine_ow[1] of cell branch[3].check_mask.mux_I (tt_mux)
    port spine_ow[1] of cell branch[1].check_mask.mux_I (tt_mux)
Warning: multiple conflicting drivers for tt_top.\branch[19].check_mask.l_spine_ow [0]:
    port spine_ow[0] of cell branch[19].check_mask.mux_I (tt_mux)
    port spine_ow[0] of cell branch[17].check_mask.mux_I (tt_mux)
    port spine_ow[0] of cell branch[15].check_mask.mux_I (tt_mux)
    port spine_ow[0] of cell branch[13].check_mask.mux_I (tt_mux)
    port spine_ow[0] of cell branch[9].check_mask.mux_I (tt_mux)
    port spine_ow[0] of cell branch[7].check_mask.mux_I (tt_mux)
    port spine_ow[0] of cell branch[5].check_mask.mux_I (tt_mux)
    port spine_ow[0] of cell branch[3].check_mask.mux_I (tt_mux)
    port spine_ow[0] of cell branch[1].check_mask.mux_I (tt_mux)
Checking module $paramod\tt_ihp_gpio\CONFIG=16'0000000000101001...
Warning: Wire $paramod\tt_ihp_gpio\CONFIG=16'0000000000101001.\pad_in is used but has no driver.
Checking module $paramod\tt_ihp_gpio\CONFIG=16'0000000000101011...
Checking module $paramod\tt_ihp_gpio\CONFIG=16'0000000000001010...
Checking module $paramod\tt_ihp_gpio\CONFIG=16'0000000000000111...
Warning: Wire $paramod\tt_ihp_gpio\CONFIG=16'0000000000000111.\pad_in is used but has no driver.
Checking module $paramod\tt_ihp_gpio\CONFIG=16'0000000000000110...
Warning: Wire $paramod\tt_ihp_gpio\CONFIG=16'0000000000000110.\pad_in is used but has no driver.
Checking module $paramod\tt_ihp_gpio\CONFIG=16'0000000000000100...
Warning: Wire $paramod\tt_ihp_gpio\CONFIG=16'0000000000000100.\pad_in is used but has no driver.
Checking module $paramod\tt_ihp_gpio\CONFIG=16'0000000000000101...
Warning: Wire $paramod\tt_ihp_gpio\CONFIG=16'0000000000000101.\pad_in is used but has no driver.
Checking module $paramod$e9367b568def630e11c5a0698f592045bc4cc42b\tt_user_module...
Checking module $paramod$a6b7675c6ed0a8b53f14859f762e9bb64a33f66a\tt_user_module...
Checking module $paramod$d9f6cf25e82289dcfd7088726a9a5dde92e3ba53\tt_user_module...
Checking module $paramod$b5fca6c0a27c04733f34897a841ba3b161e60e67\tt_user_module...
Checking module $paramod$09845f97aaf50048409abc5ad42e0c057c52d04d\tt_user_module...
Found and reported 58 problems.
