
===========================================================================
 report_power
============================================================================
======================= nom_fast_1p32V_m40C Corner ===================================

Group                    Internal    Switching      Leakage        Total
                            Power        Power        Power        Power (Watts)
------------------------------------------------------------------------
Sequential           9.648113e-06 0.000000e+00 1.381262e-08 9.661925e-06   0.4%
Combinational        1.353505e-04 1.657506e-03 6.056477e-06 1.798913e-03  80.3%
Clock                2.651913e-06 8.217219e-07 2.840159e-04 2.874895e-04  12.8%
Macro                0.000000e+00 0.000000e+00 0.000000e+00 0.000000e+00   0.0%
Pad                  0.000000e+00 1.434200e-04 0.000000e+00 1.434200e-04   6.4%
------------------------------------------------------------------------
Total                1.476506e-04 1.801748e-03 2.900758e-04 2.239474e-03 100.0%
                             6.6%        80.5%        13.0%

