┏━━━━━━━━━━━━━━━━━━━━━━┳━━━━━━━━━━┳━━━━━━━━━━┳━━━━━━━━━━┳━━━━━━━━━━┳━━━━━━━━━━━┳━━━━━━━━━━┳━━━━━━━━━━━┳━━━━━━━━━━┳━━━━━━━━━━━┳━━━━━━━━━━┳━━━━━━━━━━━┳━━━━━━━━━━┓
┃                      ┃ Hold     ┃ Reg to   ┃          ┃          ┃ of which  ┃ Setup    ┃           ┃          ┃           ┃ of which ┃           ┃          ┃
┃                      ┃ Worst    ┃ Reg      ┃          ┃ Hold Vio ┃ reg to    ┃ Worst    ┃ Reg to    ┃ Setup    ┃ Setup Vio ┃ reg to   ┃ Max Cap   ┃ Max Slew ┃
┃ Corner/Group         ┃ Slack    ┃ Paths    ┃ Hold TNS ┃ Count    ┃ reg       ┃ Slack    ┃ Reg Paths ┃ TNS      ┃ Count     ┃ reg      ┃ Violatio… ┃ Violati… ┃
┡━━━━━━━━━━━━━━━━━━━━━━╇━━━━━━━━━━╇━━━━━━━━━━╇━━━━━━━━━━╇━━━━━━━━━━╇━━━━━━━━━━━╇━━━━━━━━━━╇━━━━━━━━━━━╇━━━━━━━━━━╇━━━━━━━━━━━╇━━━━━━━━━━╇━━━━━━━━━━━╇━━━━━━━━━━┩
│ Overall              │ 0.1427   │ 0.1426   │ 0.0000   │ 0        │ 0         │ 1.9294   │ 9.5248    │ 0.0000   │ 0         │ 0        │ 5         │ 24       │
│ nom_fast_1p32V_m40C  │ 0.1427   │ 0.1426   │ 0.0000   │ 0        │ 0         │ 2.6559   │ 9.8106    │ 0.0000   │ 0         │ 0        │ 5         │ 24       │
│ nom_slow_1p08V_125C  │ 0.3369   │ 0.3369   │ 0.0000   │ 0        │ 0         │ 1.9294   │ 9.5248    │ 0.0000   │ 0         │ 0        │ 5         │ 24       │
│ nom_typ_1p20V_25C    │ 0.2160   │ 0.2160   │ 0.0000   │ 0        │ 0         │ 2.3911   │ 9.7004    │ 0.0000   │ 0         │ 0        │ 5         │ 24       │
└──────────────────────┴──────────┴──────────┴──────────┴──────────┴───────────┴──────────┴───────────┴──────────┴───────────┴──────────┴───────────┴──────────┘
