
===========================================================================
 report_power
============================================================================
======================= nom_slow_1p08V_125C Corner ===================================

Group                    Internal    Switching      Leakage        Total
                            Power        Power        Power        Power (Watts)
------------------------------------------------------------------------
Sequential           6.333993e-06 0.000000e+00 3.103983e-08 6.365033e-06   0.5%
Combinational        8.082799e-05 1.096602e-03 1.425000e-05 1.191680e-03  87.5%
Clock                1.475146e-06 5.027983e-07 1.907426e-05 2.105221e-05   1.5%
Macro                0.000000e+00 0.000000e+00 0.000000e+00 0.000000e+00   0.0%
Pad                  0.000000e+00 1.433274e-04 0.000000e+00 1.433274e-04  10.5%
------------------------------------------------------------------------
Total                8.863716e-05 1.240432e-03 3.332798e-05 1.362397e-03 100.0%
                             6.5%        91.0%         2.4%

